C:\Users\Admin\AppData\Roaming\Python\Python310\site-packages\cupy\_environment.py:286: UserWarning: CUDA path could not be detected. Set CUDA_PATH environment variable if CuPy fails to load.
  warnings.warn(
[jd_v2] 200_1 seed=1: M=40 D=52083.29 gap=-0.0001 NEW_BEST t_best=427.6s wall=1200s
[jd_v2] 200_1 seed=2: M=40 D=52077.66 gap=-0.0089 NEW_BEST t_best=184.7s wall=1200s
[jd_v2] 200_1 seed=3: M=40 D=52083.37 gap=-0.0 TIE t_best=265.3s wall=1200s
[jd_v2] 200_1 seed=4: M=40 D=52083.29 gap=-0.0001 NEW_BEST t_best=1039.3s wall=1202s
[jd_v2] 200_1 seed=5: M=40 D=52077.66 gap=-0.0089 NEW_BEST t_best=781.3s wall=1200s
[jd_v2] 200_2 seed=1: M=42 D=51778.15 gap=-0.0 TIE t_best=853.0s wall=1200s
[jd_v2] 200_2 seed=2: M=42 D=51778.15 gap=-0.0 TIE t_best=113.1s wall=1200s
[jd_v2] 200_2 seed=3: M=42 D=51778.15 gap=0.0 TIE t_best=642.4s wall=1200s
[jd_v2] 200_2 seed=4: M=42 D=51778.15 gap=0.0 TIE t_best=577.5s wall=1200s
[jd_v2] 200_2 seed=5: M=42 D=51778.15 gap=0.0 TIE t_best=205.1s wall=1200s
[jd_v2] 200_3 seed=1: M=41 D=53100.85 gap=-0.2236 NEW_BEST t_best=1123.9s wall=1200s
[jd_v2] 200_3 seed=2: M=41 D=53100.85 gap=-0.2236 NEW_BEST t_best=65.8s wall=1200s
[jd_v2] 200_3 seed=3: M=40 D=53397.88 gap=-0.2282 NEW_BEST t_best=638.4s wall=1200s
[jd_v2] 200_3 seed=4: M=40 D=53350.70 gap=-0.3002 NEW_BEST t_best=798.5s wall=1200s
[jd_v2] 200_3 seed=5: M=41 D=53100.85 gap=-0.2236 NEW_BEST t_best=77.6s wall=1200s
[jd_v2] 200_4 seed=1: M=41 D=51694.83 gap=-0.0664 NEW_BEST t_best=1118.1s wall=1200s
[jd_v2] 200_4 seed=2: M=41 D=51694.83 gap=-0.0664 NEW_BEST t_best=192.4s wall=1200s
[jd_v2] 200_4 seed=3: M=41 D=51694.83 gap=-0.0664 NEW_BEST t_best=236.8s wall=1200s
[jd_v2] 200_4 seed=4: M=41 D=51694.83 gap=-0.0664 NEW_BEST t_best=286.0s wall=1200s
[jd_v2] 200_4 seed=5: M=41 D=51694.83 gap=-0.0664 NEW_BEST t_best=328.3s wall=1200s
C:\Users\Admin\AppData\Roaming\Python\Python310\site-packages\cupy\_environment.py:286: UserWarning: CUDA path could not be detected. Set CUDA_PATH environment variable if CuPy fails to load.
  warnings.warn(
[jd_v2] 400_1 seed=2: M=76 D=93373.91 gap=0.2574 worse t_best=661.2s wall=1201s
[jd_v2] 400_1 seed=3: M=76 D=93917.25 gap=0.7263 worse t_best=791.9s wall=1200s
[jd_v2] 400_1 seed=4: M=76 D=94337.89 gap=1.0893 worse t_best=144.2s wall=1200s
[jd_v2] 400_1 seed=5: M=75 D=93974.03 gap=0.5164 worse t_best=807.1s wall=1200s
[jd_v2] 400_2 seed=2: M=79 D=98035.38 gap=-0.2145 NEW_BEST t_best=427.8s wall=1200s
[jd_v2] 400_2 seed=3: M=79 D=98464.83 gap=0.1375 worse t_best=943.5s wall=1200s
[jd_v2] 400_2 seed=4: M=79 D=98508.94 gap=0.1736 worse t_best=663.0s wall=1200s
[jd_v2] 400_2 seed=5: M=79 D=98354.87 gap=0.0473 worse t_best=1151.8s wall=1200s
[jd_v2] 400_3 seed=2: M=76 D=93139.09 gap=0.345 worse t_best=469.3s wall=1200s
[jd_v2] 400_3 seed=3: M=75 D=92786.22 gap=-0.22 NEW_BEST t_best=873.9s wall=1200s
[jd_v2] 400_3 seed=4: M=75 D=93224.24 gap=0.1591 worse t_best=889.0s wall=1202s
[jd_v2] 400_3 seed=5: M=75 D=93329.25 gap=0.25 worse t_best=867.7s wall=1200s
[jd_v2] 400_4 seed=2: M=78 D=95846.14 gap=-0.1718 NEW_BEST t_best=526.6s wall=1200s
[jd_v2] 400_4 seed=3: M=78 D=95685.23 gap=-0.3066 NEW_BEST t_best=686.0s wall=1200s
[jd_v2] 400_4 seed=4: M=78 D=95347.28 gap=-0.5895 NEW_BEST t_best=713.6s wall=1200s
[jd_v2] 400_4 seed=5: M=78 D=95398.10 gap=-0.5469 NEW_BEST t_best=1048.6s wall=1200s
[jd_v2] 600_1 seed=2: M=109 D=140456.30 gap=-0.5467 NEW_BEST t_best=569.1s wall=1201s
[jd_v2] 600_1 seed=3: M=110 D=141389.25 gap=0.1615 worse t_best=1074.3s wall=1200s
[jd_v2] 600_1 seed=4: M=110 D=140787.44 gap=-0.1842 NEW_BEST t_best=676.0s wall=1200s
[jd_v2] 600_1 seed=5: M=110 D=140484.27 gap=-0.3583 NEW_BEST t_best=973.2s wall=1200s
[jd_v2] 600_2 seed=2: M=113 D=145037.00 gap=0.3475 worse t_best=1037.8s wall=1200s
[jd_v2] 600_2 seed=3: M=113 D=144681.94 gap=0.1484 worse t_best=589.6s wall=1201s
[jd_v2] 600_2 seed=4: M=114 D=144380.57 gap=0.1476 worse t_best=1200.2s wall=1200s
[jd_v2] 600_2 seed=5: M=114 D=145612.24 gap=0.8383 worse t_best=397.1s wall=1200s
[jd_v2] 600_3 seed=2: M=113 D=144323.00 gap=0.1369 worse t_best=539.8s wall=1200s
[jd_v2] 600_3 seed=3: M=113 D=143742.82 gap=-0.1891 NEW_BEST t_best=1118.3s wall=1201s
[jd_v2] 600_3 seed=4: M=114 D=144932.90 gap=0.6481 worse t_best=1200.4s wall=1201s
[jd_v2] 600_3 seed=5: M=113 D=144443.14 gap=0.2044 worse t_best=1073.9s wall=1200s
[jd_v2] 600_4 seed=2: M=114 D=142865.62 gap=-0.6369 NEW_BEST t_best=680.5s wall=1200s
[jd_v2] 600_4 seed=3: M=114 D=144047.33 gap=0.0262 worse t_best=1193.5s wall=1201s
[jd_v2] 600_4 seed=4: M=115 D=143745.63 gap=0.0252 worse t_best=1188.5s wall=1201s
[jd_v2] 600_4 seed=5: M=114 D=144195.38 gap=0.1093 worse t_best=1022.6s wall=1201s
C:\Users\Admin\AppData\Roaming\Python\Python310\site-packages\cupy\_environment.py:286: UserWarning: CUDA path could not be detected. Set CUDA_PATH environment variable if CuPy fails to load.
  warnings.warn(
[jd_v2] 800_1 seed=1: M=148 D=162320.82 gap=-0.7701 NEW_BEST t_best=3283.1s wall=3601s
[jd_v2] 800_1 seed=2: M=147 D=162202.29 gap=-0.971 NEW_BEST t_best=3589.5s wall=3602s
[jd_v2] 800_1 seed=3: M=147 D=161742.83 gap=-1.1916 NEW_BEST t_best=1287.7s wall=3601s
[jd_v2] 800_1 seed=4: M=149 D=162475.17 gap=-0.552 NEW_BEST t_best=879.9s wall=3601s
[jd_v2] 800_1 seed=5: M=148 D=162316.07 gap=-0.7724 NEW_BEST t_best=2006.7s wall=3601s
[jd_v2] 800_2 seed=1: M=148 D=161616.38 gap=-0.0958 NEW_BEST t_best=2435.5s wall=3601s
[jd_v2] 800_2 seed=2: M=147 D=161756.60 gap=-0.1733 NEW_BEST t_best=3572.8s wall=3601s
[jd_v2] 800_2 seed=3: M=146 D=161254.42 gap=-0.5623 NEW_BEST t_best=1284.8s wall=3600s
[jd_v2] 800_2 seed=4: M=147 D=161571.06 gap=-0.2633 NEW_BEST t_best=3532.9s wall=3600s
[jd_v2] 800_2 seed=5: M=147 D=161114.25 gap=-0.4848 NEW_BEST t_best=874.7s wall=3601s
[jd_v2] 800_3 seed=1: M=150 D=163480.77 gap=-0.8238 NEW_BEST t_best=1409.5s wall=3600s
[jd_v2] 800_3 seed=2: M=150 D=162659.18 gap=-1.2147 NEW_BEST t_best=1208.9s wall=3602s
[jd_v2] 800_3 seed=3: M=151 D=162990.49 gap=-0.9143 NEW_BEST t_best=1463.7s wall=3600s
[jd_v2] 800_3 seed=4: M=150 D=162989.33 gap=-1.0576 NEW_BEST t_best=3173.5s wall=3600s
[jd_v2] 800_3 seed=5: M=152 D=164103.49 gap=-0.2422 NEW_BEST t_best=2680.1s wall=3601s
[jd_v2] 800_4 seed=1: M=145 D=159917.21 gap=-0.2716 NEW_BEST t_best=2328.8s wall=3601s
[jd_v2] 800_4 seed=2: M=147 D=159433.05 gap=-0.2148 NEW_BEST t_best=641.1s wall=3601s
[jd_v2] 800_4 seed=3: M=146 D=159282.83 gap=-0.4356 NEW_BEST t_best=2517.7s wall=3601s
[jd_v2] 800_4 seed=4: M=146 D=159232.54 gap=-0.4602 NEW_BEST t_best=1692.7s wall=3600s
[jd_v2] 800_4 seed=5: M=145 D=159852.90 gap=-0.3031 NEW_BEST t_best=1070.0s wall=3601s
[jd_v2] 1000_1 seed=1: M=193 D=239049.44 gap=-2.0334 NEW_BEST t_best=2245.3s wall=3603s
[jd_v2] 1000_1 seed=2: M=194 D=240479.04 gap=-1.4628 NEW_BEST t_best=1579.3s wall=3601s
[jd_v2] 1000_1 seed=3: M=194 D=239994.50 gap=-1.6226 NEW_BEST t_best=1694.3s wall=3601s
[jd_v2] 1000_1 seed=4: M=194 D=239751.19 gap=-1.7029 NEW_BEST t_best=1367.7s wall=3601s
[jd_v2] 1000_1 seed=5: M=193 D=238580.10 gap=-2.1882 NEW_BEST t_best=2063.6s wall=3601s
[jd_v2] 1000_2 seed=1: M=194 D=236885.61 gap=-1.5834 NEW_BEST t_best=3155.3s wall=3601s
[jd_v2] 1000_2 seed=2: M=194 D=237613.12 gap=-1.3408 NEW_BEST t_best=1903.9s wall=3601s
[jd_v2] 1000_2 seed=3: M=193 D=237195.80 gap=-1.58 NEW_BEST t_best=1647.7s wall=3602s
[jd_v2] 1000_2 seed=4: M=193 D=237331.12 gap=-1.5349 NEW_BEST t_best=3336.2s wall=3601s
[jd_v2] 1000_2 seed=5: M=194 D=237223.59 gap=-1.4707 NEW_BEST t_best=1517.2s wall=3602s
[jd_v2] 1000_3 seed=1: M=194 D=237421.28 gap=-1.8035 NEW_BEST t_best=2025.6s wall=3601s
[jd_v2] 1000_3 seed=2: M=194 D=237473.45 gap=-1.7861 NEW_BEST t_best=3581.2s wall=3601s
[jd_v2] 1000_3 seed=3: M=193 D=238325.57 gap=-1.6027 NEW_BEST t_best=1532.3s wall=3601s
[jd_v2] 1000_3 seed=4: M=194 D=238221.93 gap=-1.5375 NEW_BEST t_best=3593.1s wall=3601s
[jd_v2] 1000_3 seed=5: M=194 D=236834.42 gap=-1.9984 NEW_BEST t_best=3027.6s wall=3601s
[jd_v2] 1000_4 seed=1: M=193 D=237402.37 gap=-1.0895 NEW_BEST t_best=2569.7s wall=3601s
[jd_v2] 1000_4 seed=2: M=194 D=237064.55 gap=-1.1022 NEW_BEST t_best=3536.3s wall=3601s
[jd_v2] 1000_4 seed=3: M=195 D=238132.36 gap=-0.644 NEW_BEST t_best=2365.9s wall=3600s
[jd_v2] 1000_4 seed=4: M=195 D=237167.41 gap=-0.9672 NEW_BEST t_best=2073.3s wall=3603s
[jd_v2] 1000_4 seed=5: M=193 D=236460.00 gap=-1.4052 NEW_BEST t_best=3257.0s wall=3601s
