C:\Users\Admin\AppData\Roaming\Python\Python310\site-packages\cupy\_environment.py:286: UserWarning: CUDA path could not be detected. Set CUDA_PATH environment variable if CuPy fails to load.
  warnings.warn(
[wc120v2_s1] cdp101 seed=1: M=11 D=976.04 gap=0.0 TIE t_best=0.9s wall=120s
[wc120v2_s1] cdp102 seed=1: M=10 D=941.49 gap=0.0 TIE t_best=1.3s wall=120s
[wc120v2_s1] cdp103 seed=1: M=10 D=892.98 gap=-0.0 TIE t_best=5.8s wall=120s
[wc120v2_s1] cdp104 seed=1: M=10 D=871.40 gap=0.0 TIE t_best=2.1s wall=120s
[wc120v2_s1] cdp105 seed=1: M=10 D=1053.12 gap=0.0 TIE t_best=0.7s wall=120s
[wc120v2_s1] cdp106 seed=1: M=10 D=963.45 gap=-0.0 TIE t_best=2.2s wall=120s
[wc120v2_s1] cdp107 seed=1: M=10 D=987.64 gap=-0.0 TIE t_best=4.4s wall=120s
[wc120v2_s1] cdp108 seed=1: M=10 D=932.49 gap=0.0 TIE t_best=1.5s wall=120s
[wc120v2_s1] cdp109 seed=1: M=10 D=909.27 gap=0.0 TIE t_best=3.6s wall=120s
[wc120v2_s1] cdp201 seed=1: M=3 D=591.56 gap=-0.0 TIE t_best=0.8s wall=120s
[wc120v2_s1] cdp202 seed=1: M=3 D=591.56 gap=-0.0 TIE t_best=1.2s wall=120s
[wc120v2_s1] cdp203 seed=1: M=3 D=591.17 gap=-0.0 TIE t_best=5.1s wall=120s
[wc120v2_s1] cdp204 seed=1: M=3 D=590.60 gap=-0.0 TIE t_best=5.8s wall=120s
[wc120v2_s1] cdp205 seed=1: M=3 D=588.88 gap=-0.0 TIE t_best=0.5s wall=120s
[wc120v2_s1] cdp206 seed=1: M=3 D=588.49 gap=-0.0 TIE t_best=0.7s wall=120s
[wc120v2_s1] cdp207 seed=1: M=3 D=588.29 gap=0.0 TIE t_best=0.8s wall=120s
[wc120v2_s1] cdp208 seed=1: M=3 D=588.32 gap=-0.0 TIE t_best=0.9s wall=120s
[wc120v2_s1] rdp101 seed=1: M=19 D=1650.80 gap=-0.0 TIE t_best=0.9s wall=120s
[wc120v2_s1] rdp102 seed=1: M=17 D=1486.12 gap=0.0 TIE t_best=1.9s wall=120s
[wc120v2_s1] rdp103 seed=1: M=13 D=1294.64 gap=0.0 TIE t_best=2.8s wall=120s
[wc120v2_s1] rdp104 seed=1: M=9 D=1017.22 gap=-0.0483 NEW_BEST t_best=3.9s wall=120s
[wc120v2_s1] rdp105 seed=1: M=14 D=1377.11 gap=-0.0 TIE t_best=0.4s wall=120s
[wc120v2_s1] rdp106 seed=1: M=12 D=1252.03 gap=-0.0 TIE t_best=1.6s wall=120s
[wc120v2_s1] rdp107 seed=1: M=10 D=1112.55 gap=0.0 TIE t_best=20.7s wall=120s
[wc120v2_s1] rdp108 seed=1: M=9 D=965.22 gap=-0.0 TIE t_best=9.6s wall=120s
[wc120v2_s1] rdp109 seed=1: M=11 D=1194.73 gap=-0.0 TIE t_best=4.0s wall=120s
[wc120v2_s1] rdp110 seed=1: M=10 D=1121.46 gap=0.0 TIE t_best=15.4s wall=120s
[wc120v2_s1] rdp111 seed=1: M=10 D=1098.84 gap=0.0 TIE t_best=15.1s wall=120s
[wc120v2_s1] rdp112 seed=1: M=9 D=997.26 gap=0.0 TIE t_best=52.8s wall=120s
[wc120v2_s1] rdp201 seed=1: M=4 D=1252.37 gap=-0.0 TIE t_best=3.0s wall=120s
[wc120v2_s1] rdp202 seed=1: M=3 D=1191.70 gap=-0.0 TIE t_best=3.1s wall=120s
[wc120v2_s1] rdp203 seed=1: M=3 D=939.50 gap=-0.0 TIE t_best=94.3s wall=120s
[wc120v2_s1] rdp204 seed=1: M=2 D=825.52 gap=0.0 TIE t_best=8.2s wall=120s
[wc120v2_s1] rdp205 seed=1: M=3 D=994.43 gap=-0.0 TIE t_best=8.8s wall=120s
[wc120v2_s1] rdp206 seed=1: M=3 D=906.14 gap=0.0 TIE t_best=12.3s wall=120s
[wc120v2_s1] rdp207 seed=1: M=2 D=890.61 gap=0.0 TIE t_best=14.9s wall=120s
[wc120v2_s1] rdp208 seed=1: M=2 D=726.82 gap=-0.0 TIE t_best=12.5s wall=120s
[wc120v2_s1] rdp209 seed=1: M=3 D=909.16 gap=0.0 TIE t_best=23.6s wall=120s
[wc120v2_s1] rdp210 seed=1: M=3 D=939.37 gap=0.0 TIE t_best=4.0s wall=120s
[wc120v2_s1] rdp211 seed=1: M=2 D=890.93 gap=0.1069 worse t_best=42.6s wall=120s
[wc120v2_s1] rcdp101 seed=1: M=14 D=1708.21 gap=-0.0 TIE t_best=13.4s wall=120s
[wc120v2_s1] rcdp102 seed=1: M=12 D=1570.28 gap=-0.0 TIE t_best=1.5s wall=120s
[wc120v2_s1] rcdp103 seed=1: M=11 D=1282.53 gap=-0.0 TIE t_best=5.2s wall=120s
[wc120v2_s1] rcdp104 seed=1: M=10 D=1171.37 gap=-0.0 TIE t_best=2.3s wall=120s
[wc120v2_s1] rcdp105 seed=1: M=13 D=1632.29 gap=0.0 TIE t_best=3.2s wall=120s
[wc120v2_s1] rcdp106 seed=1: M=12 D=1392.47 gap=0.0 TIE t_best=2.6s wall=120s
[wc120v2_s1] rcdp107 seed=1: M=11 D=1252.79 gap=-0.0 TIE t_best=52.0s wall=120s
[wc120v2_s1] rcdp108 seed=1: M=10 D=1177.98 gap=0.0 TIE t_best=15.0s wall=120s
[wc120v2_s1] rcdp201 seed=1: M=4 D=1406.94 gap=-0.0 TIE t_best=1.7s wall=120s
[wc120v2_s1] rcdp202 seed=1: M=3 D=1365.65 gap=0.0 TIE t_best=6.8s wall=120s
[wc120v2_s1] rcdp203 seed=1: M=3 D=1049.62 gap=-0.0 TIE t_best=8.1s wall=120s
[wc120v2_s1] rcdp204 seed=1: M=3 D=798.46 gap=-0.0 TIE t_best=16.4s wall=120s
[wc120v2_s1] rcdp205 seed=1: M=4 D=1297.65 gap=0.0 TIE t_best=3.0s wall=120s
[wc120v2_s1] rcdp206 seed=1: M=3 D=1146.32 gap=0.0 TIE t_best=8.3s wall=120s
[wc120v2_s1] rcdp207 seed=1: M=3 D=1061.14 gap=0.0 TIE t_best=7.5s wall=120s
[wc120v2_s1] rcdp208 seed=1: M=3 D=828.14 gap=0.0 TIE t_best=46.1s wall=120s
