C:\Users\Admin\AppData\Roaming\Python\Python310\site-packages\cupy\_environment.py:286: UserWarning: CUDA path could not be detected. Set CUDA_PATH environment variable if CuPy fails to load.
  warnings.warn(
[wcrs_partial] Cdp101 seed=1: M=11 D=976.04 gap=  t_best=0.3s wall=60s
[wcrs_partial] Cdp101 seed=2: M=11 D=976.04 gap=  t_best=0.6s wall=60s
[wcrs_partial] Cdp101 seed=3: M=11 D=976.04 gap=  t_best=0.3s wall=60s
[wcrs_partial] Cdp101 seed=4: M=11 D=976.04 gap=  t_best=0.3s wall=60s
[wcrs_partial] Cdp101 seed=5: M=11 D=976.04 gap=  t_best=0.6s wall=60s
[wcrs_partial] Cdp201 seed=1: M=3 D=591.56 gap=  t_best=0.3s wall=60s
[wcrs_partial] Cdp201 seed=2: M=3 D=591.56 gap=  t_best=0.3s wall=60s
[wcrs_partial] Cdp201 seed=3: M=3 D=591.56 gap=  t_best=0.3s wall=60s
[wcrs_partial] Cdp201 seed=4: M=3 D=591.56 gap=  t_best=0.3s wall=60s
[wcrs_partial] Cdp201 seed=5: M=3 D=591.56 gap=  t_best=0.3s wall=60s
[wcrs_partial] Rdp104 seed=1: M=9 D=1017.22 gap=  t_best=8.9s wall=60s
[wcrs_partial] Rdp104 seed=2: M=9 D=1017.22 gap=  t_best=7.8s wall=60s
[wcrs_partial] Rdp104 seed=3: M=9 D=1017.22 gap=  t_best=5.1s wall=60s
[wcrs_partial] Rdp104 seed=4: M=9 D=1017.22 gap=  t_best=14.2s wall=60s
[wcrs_partial] Rdp104 seed=5: M=9 D=1017.22 gap=  t_best=9.0s wall=60s
[wcrs_partial] Rdp201 seed=1: M=4 D=1252.37 gap=  t_best=3.1s wall=60s
[wcrs_partial] Rdp201 seed=2: M=4 D=1252.37 gap=  t_best=3.1s wall=60s
[wcrs_partial] Rdp201 seed=3: M=4 D=1252.37 gap=  t_best=3.1s wall=60s
[wcrs_partial] Rdp201 seed=4: M=4 D=1252.37 gap=  t_best=5.1s wall=60s
[wcrs_partial] Rdp201 seed=5: M=4 D=1252.37 gap=  t_best=1.8s wall=60s
[wcrs_partial] RCdp101 seed=1: M=14 D=1708.21 gap=  t_best=15.6s wall=60s
[wcrs_partial] RCdp101 seed=2: M=14 D=1708.21 gap=  t_best=6.3s wall=60s
[wcrs_partial] RCdp101 seed=3: M=14 D=1708.21 gap=  t_best=1.6s wall=60s
[wcrs_partial] RCdp101 seed=4: M=14 D=1708.21 gap=  t_best=1.6s wall=60s
[wcrs_partial] RCdp101 seed=5: M=14 D=1708.21 gap=  t_best=1.6s wall=60s
[wcrs_partial] RCdp201 seed=1: M=4 D=1406.94 gap=  t_best=1.8s wall=60s
[wcrs_partial] RCdp201 seed=2: M=4 D=1406.94 gap=  t_best=3.0s wall=60s
[wcrs_partial] RCdp201 seed=3: M=4 D=1406.94 gap=  t_best=2.9s wall=60s
[wcrs_partial] RCdp201 seed=4: M=4 D=1406.94 gap=  t_best=2.3s wall=60s
[wcrs_partial] RCdp201 seed=5: M=4 D=1406.94 gap=  t_best=2.3s wall=60s
C:\Users\Admin\AppData\Roaming\Python\Python310\site-packages\cupy\_environment.py:286: UserWarning: CUDA path could not be detected. Set CUDA_PATH environment variable if CuPy fails to load.
  warnings.warn(
[wcrs_fullrec] Cdp101 seed=1: M=11 D=976.04 gap=  t_best=41.5s wall=60s
[wcrs_fullrec] Cdp101 seed=2: M=11 D=976.04 gap=  t_best=0.6s wall=60s
[wcrs_fullrec] Cdp101 seed=3: M=11 D=976.04 gap=  t_best=24.1s wall=60s
[wcrs_fullrec] Cdp101 seed=4: M=11 D=976.04 gap=  t_best=0.3s wall=60s
[wcrs_fullrec] Cdp101 seed=5: M=11 D=976.04 gap=  t_best=36.3s wall=60s
[wcrs_fullrec] Cdp201 seed=1: M=3 D=591.56 gap=  t_best=0.3s wall=60s
[wcrs_fullrec] Cdp201 seed=2: M=3 D=591.56 gap=  t_best=5.8s wall=60s
[wcrs_fullrec] Cdp201 seed=3: M=3 D=591.56 gap=  t_best=0.3s wall=60s
[wcrs_fullrec] Cdp201 seed=4: M=3 D=591.56 gap=  t_best=16.7s wall=60s
[wcrs_fullrec] Cdp201 seed=5: M=3 D=591.56 gap=  t_best=0.3s wall=60s
[wcrs_fullrec] Rdp104 seed=1: M=9 D=1017.22 gap=  t_best=8.9s wall=60s
[wcrs_fullrec] Rdp104 seed=2: M=9 D=1017.22 gap=  t_best=39.9s wall=60s
[wcrs_fullrec] Rdp104 seed=3: M=9 D=1017.22 gap=  t_best=5.1s wall=60s
[wcrs_fullrec] Rdp104 seed=4: M=9 D=1017.22 gap=  t_best=46.5s wall=60s
[wcrs_fullrec] Rdp104 seed=5: M=9 D=1017.22 gap=  t_best=9.0s wall=60s
[wcrs_fullrec] Rdp201 seed=1: M=4 D=1252.37 gap=  t_best=3.1s wall=60s
[wcrs_fullrec] Rdp201 seed=2: M=4 D=1252.37 gap=  t_best=3.1s wall=60s
[wcrs_fullrec] Rdp201 seed=3: M=4 D=1252.37 gap=  t_best=3.1s wall=60s
[wcrs_fullrec] Rdp201 seed=4: M=4 D=1252.37 gap=  t_best=5.0s wall=60s
[wcrs_fullrec] Rdp201 seed=5: M=4 D=1252.37 gap=  t_best=1.8s wall=60s
[wcrs_fullrec] RCdp101 seed=1: M=14 D=1708.21 gap=  t_best=11.8s wall=60s
[wcrs_fullrec] RCdp101 seed=2: M=14 D=1708.21 gap=  t_best=22.3s wall=60s
[wcrs_fullrec] RCdp101 seed=3: M=14 D=1708.21 gap=  t_best=1.6s wall=60s
[wcrs_fullrec] RCdp101 seed=4: M=14 D=1708.21 gap=  t_best=11.5s wall=60s
[wcrs_fullrec] RCdp101 seed=5: M=14 D=1708.21 gap=  t_best=1.7s wall=60s
[wcrs_fullrec] RCdp201 seed=1: M=4 D=1406.94 gap=  t_best=1.8s wall=60s
[wcrs_fullrec] RCdp201 seed=2: M=4 D=1406.94 gap=  t_best=16.6s wall=60s
[wcrs_fullrec] RCdp201 seed=3: M=4 D=1406.94 gap=  t_best=47.4s wall=60s
[wcrs_fullrec] RCdp201 seed=4: M=4 D=1406.94 gap=  t_best=16.1s wall=60s
[wcrs_fullrec] RCdp201 seed=5: M=4 D=1406.94 gap=  t_best=2.4s wall=60s
