C:\Users\Admin\AppData\Roaming\Python\Python310\site-packages\cupy\_environment.py:286: UserWarning: CUDA path could not be detected. Set CUDA_PATH environment variable if CuPy fails to load.
  warnings.warn(
[wcsmall10_30s] rcdp0501 seed=1: M=3 D=220.15 gap=  t_best=0.0s wall=10s
[wcsmall10_30s] rcdp0501 seed=2: M=3 D=220.15 gap=  t_best=0.0s wall=10s
[wcsmall10_30s] rcdp0501 seed=3: M=3 D=220.15 gap=  t_best=0.0s wall=10s
[wcsmall10_30s] rcdp0501 seed=4: M=3 D=220.15 gap=  t_best=0.0s wall=10s
[wcsmall10_30s] rcdp0501 seed=5: M=3 D=220.15 gap=  t_best=0.0s wall=10s
[wcsmall10_30s] rcdp0501 seed=6: M=3 D=220.15 gap=  t_best=0.0s wall=10s
[wcsmall10_30s] rcdp0501 seed=7: M=3 D=220.15 gap=  t_best=0.0s wall=10s
[wcsmall10_30s] rcdp0501 seed=8: M=3 D=220.15 gap=  t_best=0.0s wall=10s
[wcsmall10_30s] rcdp0501 seed=9: M=3 D=220.15 gap=  t_best=0.0s wall=10s
[wcsmall10_30s] rcdp0501 seed=10: M=3 D=220.15 gap=  t_best=0.0s wall=10s
[wcsmall10_30s] rcdp0501 seed=11: M=3 D=220.15 gap=  t_best=0.0s wall=10s
[wcsmall10_30s] rcdp0501 seed=12: M=3 D=220.15 gap=  t_best=0.0s wall=10s
[wcsmall10_30s] rcdp0501 seed=13: M=3 D=220.15 gap=  t_best=0.0s wall=10s
[wcsmall10_30s] rcdp0501 seed=14: M=3 D=220.15 gap=  t_best=0.0s wall=10s
[wcsmall10_30s] rcdp0501 seed=15: M=3 D=220.15 gap=  t_best=0.0s wall=10s
[wcsmall10_30s] rcdp0501 seed=16: M=3 D=220.15 gap=  t_best=0.0s wall=10s
[wcsmall10_30s] rcdp0501 seed=17: M=3 D=220.15 gap=  t_best=0.0s wall=10s
[wcsmall10_30s] rcdp0501 seed=18: M=3 D=220.15 gap=  t_best=0.0s wall=10s
[wcsmall10_30s] rcdp0501 seed=19: M=3 D=220.15 gap=  t_best=0.0s wall=10s
[wcsmall10_30s] rcdp0501 seed=20: M=3 D=220.15 gap=  t_best=0.0s wall=10s
[wcsmall10_30s] rcdp0501 seed=21: M=3 D=220.15 gap=  t_best=0.0s wall=10s
[wcsmall10_30s] rcdp0501 seed=22: M=3 D=220.15 gap=  t_best=0.0s wall=10s
[wcsmall10_30s] rcdp0501 seed=23: M=3 D=220.15 gap=  t_best=0.0s wall=10s
[wcsmall10_30s] rcdp0501 seed=24: M=3 D=220.15 gap=  t_best=0.0s wall=10s
[wcsmall10_30s] rcdp0501 seed=25: M=3 D=220.15 gap=  t_best=0.0s wall=10s
[wcsmall10_30s] rcdp0501 seed=26: M=3 D=220.15 gap=  t_best=0.0s wall=10s
[wcsmall10_30s] rcdp0501 seed=27: M=3 D=220.15 gap=  t_best=0.0s wall=10s
[wcsmall10_30s] rcdp0501 seed=28: M=3 D=220.15 gap=  t_best=0.0s wall=10s
[wcsmall10_30s] rcdp0501 seed=29: M=3 D=220.15 gap=  t_best=0.0s wall=10s
[wcsmall10_30s] rcdp0501 seed=30: M=3 D=220.15 gap=  t_best=0.0s wall=10s
[wcsmall10_30s] rcdp0504 seed=1: M=2 D=214.57 gap=  t_best=0.0s wall=10s
[wcsmall10_30s] rcdp0504 seed=2: M=2 D=214.57 gap=  t_best=0.0s wall=10s
[wcsmall10_30s] rcdp0504 seed=3: M=2 D=214.57 gap=  t_best=0.0s wall=10s
[wcsmall10_30s] rcdp0504 seed=4: M=2 D=214.57 gap=  t_best=0.0s wall=10s
[wcsmall10_30s] rcdp0504 seed=5: M=2 D=214.57 gap=  t_best=0.0s wall=10s
[wcsmall10_30s] rcdp0504 seed=6: M=2 D=214.57 gap=  t_best=0.0s wall=10s
[wcsmall10_30s] rcdp0504 seed=7: M=2 D=214.57 gap=  t_best=0.0s wall=10s
[wcsmall10_30s] rcdp0504 seed=8: M=2 D=214.57 gap=  t_best=0.0s wall=10s
[wcsmall10_30s] rcdp0504 seed=9: M=2 D=214.57 gap=  t_best=0.0s wall=10s
[wcsmall10_30s] rcdp0504 seed=10: M=2 D=214.57 gap=  t_best=0.0s wall=10s
[wcsmall10_30s] rcdp0504 seed=11: M=2 D=214.57 gap=  t_best=0.0s wall=10s
[wcsmall10_30s] rcdp0504 seed=12: M=2 D=214.57 gap=  t_best=0.0s wall=10s
[wcsmall10_30s] rcdp0504 seed=13: M=2 D=214.57 gap=  t_best=0.0s wall=10s
[wcsmall10_30s] rcdp0504 seed=14: M=2 D=214.57 gap=  t_best=0.0s wall=10s
[wcsmall10_30s] rcdp0504 seed=15: M=2 D=214.57 gap=  t_best=0.0s wall=10s
[wcsmall10_30s] rcdp0504 seed=16: M=2 D=214.57 gap=  t_best=0.0s wall=10s
[wcsmall10_30s] rcdp0504 seed=17: M=2 D=214.57 gap=  t_best=0.0s wall=10s
[wcsmall10_30s] rcdp0504 seed=18: M=2 D=214.57 gap=  t_best=0.0s wall=10s
[wcsmall10_30s] rcdp0504 seed=19: M=2 D=214.57 gap=  t_best=0.0s wall=10s
[wcsmall10_30s] rcdp0504 seed=20: M=2 D=214.57 gap=  t_best=0.0s wall=10s
[wcsmall10_30s] rcdp0504 seed=21: M=2 D=214.57 gap=  t_best=0.0s wall=10s
[wcsmall10_30s] rcdp0504 seed=22: M=2 D=214.57 gap=  t_best=0.0s wall=10s
[wcsmall10_30s] rcdp0504 seed=23: M=2 D=214.57 gap=  t_best=0.0s wall=10s
[wcsmall10_30s] rcdp0504 seed=24: M=2 D=214.57 gap=  t_best=0.0s wall=10s
[wcsmall10_30s] rcdp0504 seed=25: M=2 D=214.57 gap=  t_best=0.0s wall=10s
[wcsmall10_30s] rcdp0504 seed=26: M=2 D=214.57 gap=  t_best=0.0s wall=10s
[wcsmall10_30s] rcdp0504 seed=27: M=2 D=214.57 gap=  t_best=0.0s wall=10s
[wcsmall10_30s] rcdp0504 seed=28: M=2 D=214.57 gap=  t_best=0.0s wall=10s
[wcsmall10_30s] rcdp0504 seed=29: M=2 D=214.57 gap=  t_best=0.0s wall=10s
[wcsmall10_30s] rcdp0504 seed=30: M=2 D=214.57 gap=  t_best=0.0s wall=10s
[wcsmall10_30s] rcdp0507 seed=1: M=2 D=211.83 gap=  t_best=0.0s wall=10s
[wcsmall10_30s] rcdp0507 seed=2: M=2 D=211.83 gap=  t_best=0.0s wall=10s
[wcsmall10_30s] rcdp0507 seed=3: M=2 D=211.83 gap=  t_best=0.0s wall=10s
[wcsmall10_30s] rcdp0507 seed=4: M=2 D=211.83 gap=  t_best=0.0s wall=10s
[wcsmall10_30s] rcdp0507 seed=5: M=2 D=211.83 gap=  t_best=0.0s wall=10s
[wcsmall10_30s] rcdp0507 seed=6: M=2 D=211.83 gap=  t_best=0.0s wall=10s
[wcsmall10_30s] rcdp0507 seed=7: M=2 D=211.83 gap=  t_best=0.0s wall=10s
[wcsmall10_30s] rcdp0507 seed=8: M=2 D=211.83 gap=  t_best=0.0s wall=10s
[wcsmall10_30s] rcdp0507 seed=9: M=2 D=211.83 gap=  t_best=0.0s wall=10s
[wcsmall10_30s] rcdp0507 seed=10: M=2 D=211.83 gap=  t_best=0.0s wall=10s
[wcsmall10_30s] rcdp0507 seed=11: M=2 D=211.83 gap=  t_best=0.0s wall=10s
[wcsmall10_30s] rcdp0507 seed=12: M=2 D=211.83 gap=  t_best=0.0s wall=10s
[wcsmall10_30s] rcdp0507 seed=13: M=2 D=211.83 gap=  t_best=0.0s wall=10s
[wcsmall10_30s] rcdp0507 seed=14: M=2 D=211.83 gap=  t_best=0.0s wall=10s
[wcsmall10_30s] rcdp0507 seed=15: M=2 D=211.83 gap=  t_best=0.0s wall=10s
[wcsmall10_30s] rcdp0507 seed=16: M=2 D=211.83 gap=  t_best=0.0s wall=10s
[wcsmall10_30s] rcdp0507 seed=17: M=2 D=211.83 gap=  t_best=0.0s wall=10s
[wcsmall10_30s] rcdp0507 seed=18: M=2 D=211.83 gap=  t_best=0.0s wall=10s
[wcsmall10_30s] rcdp0507 seed=19: M=2 D=211.83 gap=  t_best=0.0s wall=10s
[wcsmall10_30s] rcdp0507 seed=20: M=2 D=211.83 gap=  t_best=0.0s wall=10s
[wcsmall10_30s] rcdp0507 seed=21: M=2 D=211.83 gap=  t_best=0.0s wall=10s
[wcsmall10_30s] rcdp0507 seed=22: M=2 D=211.83 gap=  t_best=0.0s wall=10s
[wcsmall10_30s] rcdp0507 seed=23: M=2 D=211.83 gap=  t_best=0.0s wall=10s
[wcsmall10_30s] rcdp0507 seed=24: M=2 D=211.83 gap=  t_best=0.0s wall=10s
[wcsmall10_30s] rcdp0507 seed=25: M=2 D=211.83 gap=  t_best=0.0s wall=10s
[wcsmall10_30s] rcdp0507 seed=26: M=2 D=211.83 gap=  t_best=0.0s wall=10s
[wcsmall10_30s] rcdp0507 seed=27: M=2 D=211.83 gap=  t_best=0.0s wall=10s
[wcsmall10_30s] rcdp0507 seed=28: M=2 D=211.83 gap=  t_best=0.0s wall=10s
[wcsmall10_30s] rcdp0507 seed=29: M=2 D=211.83 gap=  t_best=0.0s wall=10s
[wcsmall10_30s] rcdp0507 seed=30: M=2 D=211.83 gap=  t_best=0.0s wall=10s
[wcsmall10_30s] rcdp1001 seed=1: M=3 D=348.98 gap=-0.0 TIE t_best=0.0s wall=10s
[wcsmall10_30s] rcdp1001 seed=2: M=3 D=348.98 gap=-0.0 TIE t_best=0.0s wall=10s
[wcsmall10_30s] rcdp1001 seed=3: M=3 D=348.98 gap=-0.0 TIE t_best=0.0s wall=10s
[wcsmall10_30s] rcdp1001 seed=4: M=3 D=348.98 gap=-0.0 TIE t_best=0.0s wall=10s
[wcsmall10_30s] rcdp1001 seed=5: M=3 D=348.98 gap=-0.0 TIE t_best=0.0s wall=10s
[wcsmall10_30s] rcdp1001 seed=6: M=3 D=348.98 gap=-0.0 TIE t_best=0.0s wall=10s
[wcsmall10_30s] rcdp1001 seed=7: M=3 D=348.98 gap=-0.0 TIE t_best=0.0s wall=10s
[wcsmall10_30s] rcdp1001 seed=8: M=3 D=348.98 gap=-0.0 TIE t_best=0.0s wall=10s
[wcsmall10_30s] rcdp1001 seed=9: M=3 D=348.98 gap=-0.0 TIE t_best=0.0s wall=10s
[wcsmall10_30s] rcdp1001 seed=10: M=3 D=348.98 gap=-0.0 TIE t_best=0.0s wall=10s
[wcsmall10_30s] rcdp1001 seed=11: M=3 D=348.98 gap=-0.0 TIE t_best=0.0s wall=10s
[wcsmall10_30s] rcdp1001 seed=12: M=3 D=348.98 gap=-0.0 TIE t_best=0.0s wall=10s
[wcsmall10_30s] rcdp1001 seed=13: M=3 D=348.98 gap=-0.0 TIE t_best=0.0s wall=10s
[wcsmall10_30s] rcdp1001 seed=14: M=3 D=348.98 gap=-0.0 TIE t_best=0.0s wall=10s
[wcsmall10_30s] rcdp1001 seed=15: M=3 D=348.98 gap=-0.0 TIE t_best=0.0s wall=10s
[wcsmall10_30s] rcdp1001 seed=16: M=3 D=348.98 gap=-0.0 TIE t_best=0.0s wall=10s
[wcsmall10_30s] rcdp1001 seed=17: M=3 D=348.98 gap=-0.0 TIE t_best=0.0s wall=10s
[wcsmall10_30s] rcdp1001 seed=18: M=3 D=348.98 gap=-0.0 TIE t_best=0.0s wall=10s
[wcsmall10_30s] rcdp1001 seed=19: M=3 D=348.98 gap=-0.0 TIE t_best=0.0s wall=10s
[wcsmall10_30s] rcdp1001 seed=20: M=3 D=348.98 gap=-0.0 TIE t_best=0.0s wall=10s
[wcsmall10_30s] rcdp1001 seed=21: M=3 D=348.98 gap=-0.0 TIE t_best=0.0s wall=10s
[wcsmall10_30s] rcdp1001 seed=22: M=3 D=348.98 gap=-0.0 TIE t_best=0.0s wall=10s
[wcsmall10_30s] rcdp1001 seed=23: M=3 D=348.98 gap=-0.0 TIE t_best=0.0s wall=10s
[wcsmall10_30s] rcdp1001 seed=24: M=3 D=348.98 gap=-0.0 TIE t_best=0.0s wall=10s
[wcsmall10_30s] rcdp1001 seed=25: M=3 D=348.98 gap=-0.0 TIE t_best=0.0s wall=10s
[wcsmall10_30s] rcdp1001 seed=26: M=3 D=348.98 gap=-0.0 TIE t_best=0.0s wall=10s
[wcsmall10_30s] rcdp1001 seed=27: M=3 D=348.98 gap=-0.0 TIE t_best=0.0s wall=10s
[wcsmall10_30s] rcdp1001 seed=28: M=3 D=348.98 gap=-0.0 TIE t_best=0.0s wall=10s
[wcsmall10_30s] rcdp1001 seed=29: M=3 D=348.98 gap=-0.0 TIE t_best=0.0s wall=10s
[wcsmall10_30s] rcdp1001 seed=30: M=3 D=348.98 gap=-0.0 TIE t_best=0.0s wall=10s
[wcsmall10_30s] rcdp1004 seed=1: M=2 D=216.69 gap=-0.0 TIE t_best=0.1s wall=10s
[wcsmall10_30s] rcdp1004 seed=2: M=2 D=216.69 gap=-0.0 TIE t_best=0.1s wall=10s
[wcsmall10_30s] rcdp1004 seed=3: M=2 D=216.69 gap=-0.0 TIE t_best=0.1s wall=10s
[wcsmall10_30s] rcdp1004 seed=4: M=2 D=216.69 gap=-0.0 TIE t_best=0.1s wall=10s
[wcsmall10_30s] rcdp1004 seed=5: M=2 D=216.69 gap=-0.0 TIE t_best=0.1s wall=10s
[wcsmall10_30s] rcdp1004 seed=6: M=2 D=216.69 gap=-0.0 TIE t_best=0.1s wall=10s
[wcsmall10_30s] rcdp1004 seed=7: M=2 D=216.69 gap=-0.0 TIE t_best=0.1s wall=10s
[wcsmall10_30s] rcdp1004 seed=8: M=2 D=216.69 gap=-0.0 TIE t_best=0.1s wall=10s
[wcsmall10_30s] rcdp1004 seed=9: M=2 D=216.69 gap=-0.0 TIE t_best=0.1s wall=10s
[wcsmall10_30s] rcdp1004 seed=10: M=2 D=216.69 gap=-0.0 TIE t_best=0.1s wall=10s
[wcsmall10_30s] rcdp1004 seed=11: M=2 D=216.69 gap=-0.0 TIE t_best=0.1s wall=10s
[wcsmall10_30s] rcdp1004 seed=12: M=2 D=216.69 gap=-0.0 TIE t_best=0.1s wall=10s
[wcsmall10_30s] rcdp1004 seed=13: M=2 D=216.69 gap=-0.0 TIE t_best=0.1s wall=10s
[wcsmall10_30s] rcdp1004 seed=14: M=2 D=216.69 gap=-0.0 TIE t_best=0.1s wall=10s
[wcsmall10_30s] rcdp1004 seed=15: M=2 D=216.69 gap=-0.0 TIE t_best=0.1s wall=10s
[wcsmall10_30s] rcdp1004 seed=16: M=2 D=216.69 gap=-0.0 TIE t_best=0.1s wall=10s
[wcsmall10_30s] rcdp1004 seed=17: M=2 D=216.69 gap=-0.0 TIE t_best=0.1s wall=10s
[wcsmall10_30s] rcdp1004 seed=18: M=2 D=216.69 gap=-0.0 TIE t_best=0.1s wall=10s
[wcsmall10_30s] rcdp1004 seed=19: M=2 D=216.69 gap=-0.0 TIE t_best=0.1s wall=10s
[wcsmall10_30s] rcdp1004 seed=20: M=2 D=216.69 gap=-0.0 TIE t_best=0.1s wall=10s
[wcsmall10_30s] rcdp1004 seed=21: M=2 D=216.69 gap=-0.0 TIE t_best=0.1s wall=10s
[wcsmall10_30s] rcdp1004 seed=22: M=2 D=216.69 gap=-0.0 TIE t_best=0.1s wall=10s
[wcsmall10_30s] rcdp1004 seed=23: M=2 D=216.69 gap=-0.0 TIE t_best=0.1s wall=10s
[wcsmall10_30s] rcdp1004 seed=24: M=2 D=216.69 gap=-0.0 TIE t_best=0.1s wall=10s
[wcsmall10_30s] rcdp1004 seed=25: M=2 D=216.69 gap=-0.0 TIE t_best=0.1s wall=10s
[wcsmall10_30s] rcdp1004 seed=26: M=2 D=216.69 gap=-0.0 TIE t_best=0.1s wall=10s
[wcsmall10_30s] rcdp1004 seed=27: M=2 D=216.69 gap=-0.0 TIE t_best=0.1s wall=10s
[wcsmall10_30s] rcdp1004 seed=28: M=2 D=216.69 gap=-0.0 TIE t_best=0.1s wall=10s
[wcsmall10_30s] rcdp1004 seed=29: M=2 D=216.69 gap=-0.0 TIE t_best=0.1s wall=10s
[wcsmall10_30s] rcdp1004 seed=30: M=2 D=216.69 gap=-0.0 TIE t_best=0.1s wall=10s
[wcsmall10_30s] rcdp1007 seed=1: M=2 D=310.81 gap=0.0 TIE t_best=0.0s wall=10s
[wcsmall10_30s] rcdp1007 seed=2: M=2 D=310.81 gap=0.0 TIE t_best=0.0s wall=10s
[wcsmall10_30s] rcdp1007 seed=3: M=2 D=310.81 gap=0.0 TIE t_best=0.0s wall=10s
[wcsmall10_30s] rcdp1007 seed=4: M=2 D=310.81 gap=0.0 TIE t_best=0.0s wall=10s
[wcsmall10_30s] rcdp1007 seed=5: M=2 D=310.81 gap=0.0 TIE t_best=0.0s wall=10s
[wcsmall10_30s] rcdp1007 seed=6: M=2 D=310.81 gap=0.0 TIE t_best=0.0s wall=10s
[wcsmall10_30s] rcdp1007 seed=7: M=2 D=310.81 gap=0.0 TIE t_best=0.0s wall=10s
[wcsmall10_30s] rcdp1007 seed=8: M=2 D=310.81 gap=0.0 TIE t_best=0.0s wall=10s
[wcsmall10_30s] rcdp1007 seed=9: M=2 D=310.81 gap=0.0 TIE t_best=0.0s wall=10s
[wcsmall10_30s] rcdp1007 seed=10: M=2 D=310.81 gap=0.0 TIE t_best=0.0s wall=10s
[wcsmall10_30s] rcdp1007 seed=11: M=2 D=310.81 gap=0.0 TIE t_best=0.0s wall=10s
[wcsmall10_30s] rcdp1007 seed=12: M=2 D=310.81 gap=0.0 TIE t_best=0.0s wall=10s
[wcsmall10_30s] rcdp1007 seed=13: M=2 D=310.81 gap=0.0 TIE t_best=0.0s wall=10s
[wcsmall10_30s] rcdp1007 seed=14: M=2 D=310.81 gap=0.0 TIE t_best=0.0s wall=10s
[wcsmall10_30s] rcdp1007 seed=15: M=2 D=310.81 gap=0.0 TIE t_best=0.0s wall=10s
[wcsmall10_30s] rcdp1007 seed=16: M=2 D=310.81 gap=0.0 TIE t_best=0.0s wall=10s
[wcsmall10_30s] rcdp1007 seed=17: M=2 D=310.81 gap=0.0 TIE t_best=0.0s wall=10s
[wcsmall10_30s] rcdp1007 seed=18: M=2 D=310.81 gap=0.0 TIE t_best=0.0s wall=10s
[wcsmall10_30s] rcdp1007 seed=19: M=2 D=310.81 gap=0.0 TIE t_best=0.0s wall=10s
[wcsmall10_30s] rcdp1007 seed=20: M=2 D=310.81 gap=0.0 TIE t_best=0.0s wall=10s
[wcsmall10_30s] rcdp1007 seed=21: M=2 D=310.81 gap=0.0 TIE t_best=0.0s wall=10s
[wcsmall10_30s] rcdp1007 seed=22: M=2 D=310.81 gap=0.0 TIE t_best=0.0s wall=10s
[wcsmall10_30s] rcdp1007 seed=23: M=2 D=310.81 gap=0.0 TIE t_best=0.0s wall=10s
[wcsmall10_30s] rcdp1007 seed=24: M=2 D=310.81 gap=0.0 TIE t_best=0.0s wall=10s
[wcsmall10_30s] rcdp1007 seed=25: M=2 D=310.81 gap=0.0 TIE t_best=0.0s wall=10s
[wcsmall10_30s] rcdp1007 seed=26: M=2 D=310.81 gap=0.0 TIE t_best=0.0s wall=10s
[wcsmall10_30s] rcdp1007 seed=27: M=2 D=310.81 gap=0.0 TIE t_best=0.0s wall=10s
[wcsmall10_30s] rcdp1007 seed=28: M=2 D=310.81 gap=0.0 TIE t_best=0.0s wall=10s
[wcsmall10_30s] rcdp1007 seed=29: M=2 D=310.81 gap=0.0 TIE t_best=0.0s wall=10s
[wcsmall10_30s] rcdp1007 seed=30: M=2 D=310.81 gap=0.0 TIE t_best=0.0s wall=10s
[wcsmall10_30s] rcdp2501 seed=1: M=5 D=551.05 gap=-0.0 TIE t_best=0.1s wall=10s
[wcsmall10_30s] rcdp2501 seed=2: M=5 D=551.05 gap=-0.0 TIE t_best=0.1s wall=10s
[wcsmall10_30s] rcdp2501 seed=3: M=5 D=551.05 gap=-0.0 TIE t_best=0.1s wall=10s
[wcsmall10_30s] rcdp2501 seed=4: M=5 D=551.05 gap=-0.0 TIE t_best=0.1s wall=10s
[wcsmall10_30s] rcdp2501 seed=5: M=5 D=551.05 gap=-0.0 TIE t_best=0.1s wall=10s
[wcsmall10_30s] rcdp2501 seed=6: M=5 D=551.05 gap=-0.0 TIE t_best=0.1s wall=10s
[wcsmall10_30s] rcdp2501 seed=7: M=5 D=551.05 gap=-0.0 TIE t_best=0.1s wall=10s
[wcsmall10_30s] rcdp2501 seed=8: M=5 D=551.05 gap=-0.0 TIE t_best=0.1s wall=10s
[wcsmall10_30s] rcdp2501 seed=9: M=5 D=551.05 gap=-0.0 TIE t_best=0.1s wall=10s
[wcsmall10_30s] rcdp2501 seed=10: M=5 D=551.05 gap=-0.0 TIE t_best=0.1s wall=10s
[wcsmall10_30s] rcdp2501 seed=11: M=5 D=551.05 gap=-0.0 TIE t_best=0.1s wall=10s
[wcsmall10_30s] rcdp2501 seed=12: M=5 D=551.05 gap=-0.0 TIE t_best=0.1s wall=10s
[wcsmall10_30s] rcdp2501 seed=13: M=5 D=551.05 gap=-0.0 TIE t_best=0.1s wall=10s
[wcsmall10_30s] rcdp2501 seed=14: M=5 D=551.05 gap=-0.0 TIE t_best=0.1s wall=10s
[wcsmall10_30s] rcdp2501 seed=15: M=5 D=551.05 gap=-0.0 TIE t_best=0.1s wall=10s
[wcsmall10_30s] rcdp2501 seed=16: M=5 D=551.05 gap=-0.0 TIE t_best=0.1s wall=10s
[wcsmall10_30s] rcdp2501 seed=17: M=5 D=551.05 gap=-0.0 TIE t_best=0.1s wall=10s
[wcsmall10_30s] rcdp2501 seed=18: M=5 D=551.05 gap=-0.0 TIE t_best=0.1s wall=10s
[wcsmall10_30s] rcdp2501 seed=19: M=5 D=551.05 gap=-0.0 TIE t_best=0.1s wall=10s
[wcsmall10_30s] rcdp2501 seed=20: M=5 D=551.05 gap=-0.0 TIE t_best=0.1s wall=10s
[wcsmall10_30s] rcdp2501 seed=21: M=5 D=551.05 gap=-0.0 TIE t_best=0.1s wall=10s
[wcsmall10_30s] rcdp2501 seed=22: M=5 D=551.05 gap=-0.0 TIE t_best=0.1s wall=10s
[wcsmall10_30s] rcdp2501 seed=23: M=5 D=551.05 gap=-0.0 TIE t_best=0.1s wall=10s
[wcsmall10_30s] rcdp2501 seed=24: M=5 D=551.05 gap=-0.0 TIE t_best=0.1s wall=10s
[wcsmall10_30s] rcdp2501 seed=25: M=5 D=551.05 gap=-0.0 TIE t_best=0.1s wall=10s
[wcsmall10_30s] rcdp2501 seed=26: M=5 D=551.05 gap=-0.0 TIE t_best=0.1s wall=10s
[wcsmall10_30s] rcdp2501 seed=27: M=5 D=551.05 gap=-0.0 TIE t_best=0.1s wall=10s
[wcsmall10_30s] rcdp2501 seed=28: M=5 D=551.05 gap=-0.0 TIE t_best=0.1s wall=10s
[wcsmall10_30s] rcdp2501 seed=29: M=5 D=551.05 gap=-0.0 TIE t_best=0.1s wall=10s
[wcsmall10_30s] rcdp2501 seed=30: M=5 D=551.05 gap=-0.0 TIE t_best=0.1s wall=10s
[wcsmall10_30s] rcdp2504 seed=1: M=4 D=473.46 gap=-0.0 TIE t_best=0.2s wall=10s
[wcsmall10_30s] rcdp2504 seed=2: M=4 D=473.46 gap=-0.0 TIE t_best=0.2s wall=10s
[wcsmall10_30s] rcdp2504 seed=3: M=4 D=473.46 gap=-0.0 TIE t_best=0.2s wall=10s
[wcsmall10_30s] rcdp2504 seed=4: M=4 D=473.46 gap=-0.0 TIE t_best=0.2s wall=10s
[wcsmall10_30s] rcdp2504 seed=5: M=4 D=473.46 gap=-0.0 TIE t_best=0.2s wall=10s
[wcsmall10_30s] rcdp2504 seed=6: M=4 D=473.46 gap=-0.0 TIE t_best=0.2s wall=10s
[wcsmall10_30s] rcdp2504 seed=7: M=4 D=473.46 gap=-0.0 TIE t_best=0.2s wall=10s
[wcsmall10_30s] rcdp2504 seed=8: M=4 D=473.46 gap=-0.0 TIE t_best=0.2s wall=10s
[wcsmall10_30s] rcdp2504 seed=9: M=4 D=473.46 gap=-0.0 TIE t_best=0.2s wall=10s
[wcsmall10_30s] rcdp2504 seed=10: M=4 D=473.46 gap=-0.0 TIE t_best=0.2s wall=10s
[wcsmall10_30s] rcdp2504 seed=11: M=4 D=473.46 gap=-0.0 TIE t_best=0.2s wall=10s
[wcsmall10_30s] rcdp2504 seed=12: M=4 D=473.46 gap=-0.0 TIE t_best=0.2s wall=10s
[wcsmall10_30s] rcdp2504 seed=13: M=4 D=473.46 gap=-0.0 TIE t_best=0.2s wall=10s
[wcsmall10_30s] rcdp2504 seed=14: M=4 D=473.46 gap=-0.0 TIE t_best=0.2s wall=10s
[wcsmall10_30s] rcdp2504 seed=15: M=4 D=473.46 gap=-0.0 TIE t_best=0.2s wall=10s
[wcsmall10_30s] rcdp2504 seed=16: M=4 D=473.46 gap=-0.0 TIE t_best=0.2s wall=10s
[wcsmall10_30s] rcdp2504 seed=17: M=4 D=473.46 gap=-0.0 TIE t_best=0.2s wall=10s
[wcsmall10_30s] rcdp2504 seed=18: M=4 D=473.46 gap=-0.0 TIE t_best=0.2s wall=10s
[wcsmall10_30s] rcdp2504 seed=19: M=4 D=473.46 gap=-0.0 TIE t_best=0.2s wall=10s
[wcsmall10_30s] rcdp2504 seed=20: M=4 D=473.46 gap=-0.0 TIE t_best=0.2s wall=10s
[wcsmall10_30s] rcdp2504 seed=21: M=4 D=473.46 gap=-0.0 TIE t_best=0.2s wall=10s
[wcsmall10_30s] rcdp2504 seed=22: M=4 D=473.46 gap=-0.0 TIE t_best=0.2s wall=10s
[wcsmall10_30s] rcdp2504 seed=23: M=4 D=473.46 gap=-0.0 TIE t_best=0.2s wall=10s
[wcsmall10_30s] rcdp2504 seed=24: M=4 D=473.46 gap=-0.0 TIE t_best=0.2s wall=10s
[wcsmall10_30s] rcdp2504 seed=25: M=4 D=473.46 gap=-0.0 TIE t_best=0.2s wall=10s
[wcsmall10_30s] rcdp2504 seed=26: M=4 D=473.46 gap=-0.0 TIE t_best=0.2s wall=10s
[wcsmall10_30s] rcdp2504 seed=27: M=4 D=473.46 gap=-0.0 TIE t_best=0.2s wall=10s
[wcsmall10_30s] rcdp2504 seed=28: M=4 D=473.46 gap=-0.0 TIE t_best=0.2s wall=10s
[wcsmall10_30s] rcdp2504 seed=29: M=4 D=473.46 gap=-0.0 TIE t_best=0.2s wall=10s
[wcsmall10_30s] rcdp2504 seed=30: M=4 D=473.46 gap=-0.0 TIE t_best=0.2s wall=10s
[wcsmall10_30s] rcdp2507 seed=1: M=5 D=540.87 gap=0.0 TIE t_best=0.2s wall=10s
[wcsmall10_30s] rcdp2507 seed=2: M=5 D=540.87 gap=0.0 TIE t_best=0.2s wall=10s
[wcsmall10_30s] rcdp2507 seed=3: M=5 D=540.87 gap=0.0 TIE t_best=0.2s wall=10s
[wcsmall10_30s] rcdp2507 seed=4: M=5 D=540.87 gap=0.0 TIE t_best=0.2s wall=10s
[wcsmall10_30s] rcdp2507 seed=5: M=5 D=540.87 gap=0.0 TIE t_best=0.2s wall=10s
[wcsmall10_30s] rcdp2507 seed=6: M=5 D=540.87 gap=0.0 TIE t_best=0.2s wall=10s
[wcsmall10_30s] rcdp2507 seed=7: M=5 D=540.87 gap=0.0 TIE t_best=0.2s wall=10s
[wcsmall10_30s] rcdp2507 seed=8: M=5 D=540.87 gap=0.0 TIE t_best=0.2s wall=10s
[wcsmall10_30s] rcdp2507 seed=9: M=5 D=540.87 gap=0.0 TIE t_best=0.2s wall=10s
[wcsmall10_30s] rcdp2507 seed=10: M=5 D=540.87 gap=0.0 TIE t_best=0.2s wall=10s
[wcsmall10_30s] rcdp2507 seed=11: M=5 D=540.87 gap=0.0 TIE t_best=0.2s wall=10s
[wcsmall10_30s] rcdp2507 seed=12: M=5 D=540.87 gap=0.0 TIE t_best=0.2s wall=10s
[wcsmall10_30s] rcdp2507 seed=13: M=5 D=540.87 gap=0.0 TIE t_best=0.2s wall=10s
[wcsmall10_30s] rcdp2507 seed=14: M=5 D=540.87 gap=0.0 TIE t_best=0.2s wall=10s
[wcsmall10_30s] rcdp2507 seed=15: M=5 D=540.87 gap=0.0 TIE t_best=0.2s wall=10s
[wcsmall10_30s] rcdp2507 seed=16: M=5 D=540.87 gap=0.0 TIE t_best=0.2s wall=10s
[wcsmall10_30s] rcdp2507 seed=17: M=5 D=540.87 gap=0.0 TIE t_best=0.2s wall=10s
[wcsmall10_30s] rcdp2507 seed=18: M=5 D=540.87 gap=0.0 TIE t_best=0.2s wall=10s
[wcsmall10_30s] rcdp2507 seed=19: M=5 D=540.87 gap=0.0 TIE t_best=0.2s wall=10s
[wcsmall10_30s] rcdp2507 seed=20: M=5 D=540.87 gap=0.0 TIE t_best=0.2s wall=10s
[wcsmall10_30s] rcdp2507 seed=21: M=5 D=540.87 gap=0.0 TIE t_best=0.2s wall=10s
[wcsmall10_30s] rcdp2507 seed=22: M=5 D=540.87 gap=0.0 TIE t_best=0.2s wall=10s
[wcsmall10_30s] rcdp2507 seed=23: M=5 D=540.87 gap=0.0 TIE t_best=0.2s wall=10s
[wcsmall10_30s] rcdp2507 seed=24: M=5 D=540.87 gap=0.0 TIE t_best=0.2s wall=10s
[wcsmall10_30s] rcdp2507 seed=25: M=5 D=540.87 gap=0.0 TIE t_best=0.2s wall=10s
[wcsmall10_30s] rcdp2507 seed=26: M=5 D=540.87 gap=0.0 TIE t_best=0.2s wall=10s
[wcsmall10_30s] rcdp2507 seed=27: M=5 D=540.87 gap=0.0 TIE t_best=0.2s wall=10s
[wcsmall10_30s] rcdp2507 seed=28: M=5 D=540.87 gap=0.0 TIE t_best=0.2s wall=10s
[wcsmall10_30s] rcdp2507 seed=29: M=5 D=540.87 gap=0.0 TIE t_best=0.2s wall=10s
[wcsmall10_30s] rcdp2507 seed=30: M=5 D=540.87 gap=0.0 TIE t_best=0.2s wall=10s
[wcsmall10_30s] rcdp5001 seed=1: M=9 D=994.18 gap=-0.0 TIE t_best=0.1s wall=10s
[wcsmall10_30s] rcdp5001 seed=2: M=9 D=994.18 gap=-0.0 TIE t_best=0.1s wall=10s
[wcsmall10_30s] rcdp5001 seed=3: M=9 D=994.18 gap=-0.0 TIE t_best=0.1s wall=10s
[wcsmall10_30s] rcdp5001 seed=4: M=9 D=994.18 gap=-0.0 TIE t_best=0.1s wall=10s
[wcsmall10_30s] rcdp5001 seed=5: M=9 D=994.18 gap=-0.0 TIE t_best=0.1s wall=10s
[wcsmall10_30s] rcdp5001 seed=6: M=9 D=994.18 gap=-0.0 TIE t_best=0.1s wall=10s
[wcsmall10_30s] rcdp5001 seed=7: M=9 D=994.18 gap=-0.0 TIE t_best=0.1s wall=10s
[wcsmall10_30s] rcdp5001 seed=8: M=9 D=994.18 gap=-0.0 TIE t_best=0.1s wall=10s
[wcsmall10_30s] rcdp5001 seed=9: M=9 D=994.18 gap=-0.0 TIE t_best=0.1s wall=10s
[wcsmall10_30s] rcdp5001 seed=10: M=9 D=994.18 gap=-0.0 TIE t_best=0.1s wall=10s
[wcsmall10_30s] rcdp5001 seed=11: M=9 D=994.18 gap=-0.0 TIE t_best=0.1s wall=10s
[wcsmall10_30s] rcdp5001 seed=12: M=9 D=994.18 gap=-0.0 TIE t_best=0.1s wall=10s
[wcsmall10_30s] rcdp5001 seed=13: M=9 D=994.18 gap=-0.0 TIE t_best=0.1s wall=10s
[wcsmall10_30s] rcdp5001 seed=14: M=9 D=994.18 gap=-0.0 TIE t_best=0.1s wall=10s
[wcsmall10_30s] rcdp5001 seed=15: M=9 D=994.18 gap=-0.0 TIE t_best=0.1s wall=10s
[wcsmall10_30s] rcdp5001 seed=16: M=9 D=994.18 gap=-0.0 TIE t_best=0.1s wall=10s
[wcsmall10_30s] rcdp5001 seed=17: M=9 D=994.18 gap=-0.0 TIE t_best=0.1s wall=10s
[wcsmall10_30s] rcdp5001 seed=18: M=9 D=994.18 gap=-0.0 TIE t_best=0.1s wall=10s
[wcsmall10_30s] rcdp5001 seed=19: M=9 D=994.18 gap=-0.0 TIE t_best=0.1s wall=10s
[wcsmall10_30s] rcdp5001 seed=20: M=9 D=994.18 gap=-0.0 TIE t_best=0.1s wall=10s
[wcsmall10_30s] rcdp5001 seed=21: M=9 D=994.18 gap=-0.0 TIE t_best=0.1s wall=10s
[wcsmall10_30s] rcdp5001 seed=22: M=9 D=994.18 gap=-0.0 TIE t_best=0.1s wall=10s
[wcsmall10_30s] rcdp5001 seed=23: M=9 D=994.18 gap=-0.0 TIE t_best=0.1s wall=10s
[wcsmall10_30s] rcdp5001 seed=24: M=9 D=994.18 gap=-0.0 TIE t_best=0.1s wall=10s
[wcsmall10_30s] rcdp5001 seed=25: M=9 D=994.18 gap=-0.0 TIE t_best=0.1s wall=10s
[wcsmall10_30s] rcdp5001 seed=26: M=9 D=994.18 gap=-0.0 TIE t_best=0.1s wall=10s
[wcsmall10_30s] rcdp5001 seed=27: M=9 D=994.18 gap=-0.0 TIE t_best=0.1s wall=10s
[wcsmall10_30s] rcdp5001 seed=28: M=9 D=994.18 gap=-0.0 TIE t_best=0.1s wall=10s
[wcsmall10_30s] rcdp5001 seed=29: M=9 D=994.18 gap=-0.0 TIE t_best=0.1s wall=10s
[wcsmall10_30s] rcdp5001 seed=30: M=9 D=994.18 gap=-0.0 TIE t_best=0.1s wall=10s
[wcsmall10_30s] rcdp5004 seed=1: M=6 D=733.21 gap=0.0 TIE t_best=0.5s wall=10s
[wcsmall10_30s] rcdp5004 seed=2: M=6 D=733.21 gap=0.0 TIE t_best=0.5s wall=10s
[wcsmall10_30s] rcdp5004 seed=3: M=6 D=733.21 gap=0.0 TIE t_best=0.5s wall=10s
[wcsmall10_30s] rcdp5004 seed=4: M=6 D=733.21 gap=0.0 TIE t_best=0.5s wall=10s
[wcsmall10_30s] rcdp5004 seed=5: M=6 D=733.21 gap=0.0 TIE t_best=0.5s wall=10s
[wcsmall10_30s] rcdp5004 seed=6: M=6 D=733.21 gap=0.0 TIE t_best=0.5s wall=10s
[wcsmall10_30s] rcdp5004 seed=7: M=6 D=733.21 gap=0.0 TIE t_best=0.5s wall=10s
[wcsmall10_30s] rcdp5004 seed=8: M=6 D=733.21 gap=0.0 TIE t_best=0.5s wall=10s
[wcsmall10_30s] rcdp5004 seed=9: M=6 D=733.21 gap=0.0 TIE t_best=0.5s wall=10s
[wcsmall10_30s] rcdp5004 seed=10: M=6 D=733.21 gap=0.0 TIE t_best=0.5s wall=10s
[wcsmall10_30s] rcdp5004 seed=11: M=6 D=733.21 gap=0.0 TIE t_best=0.5s wall=10s
[wcsmall10_30s] rcdp5004 seed=12: M=6 D=733.21 gap=0.0 TIE t_best=0.5s wall=10s
[wcsmall10_30s] rcdp5004 seed=13: M=6 D=733.21 gap=0.0 TIE t_best=0.5s wall=10s
[wcsmall10_30s] rcdp5004 seed=14: M=6 D=733.21 gap=0.0 TIE t_best=1.1s wall=10s
[wcsmall10_30s] rcdp5004 seed=15: M=6 D=733.21 gap=0.0 TIE t_best=0.5s wall=10s
[wcsmall10_30s] rcdp5004 seed=16: M=6 D=733.21 gap=0.0 TIE t_best=0.5s wall=10s
[wcsmall10_30s] rcdp5004 seed=17: M=6 D=733.21 gap=0.0 TIE t_best=0.5s wall=10s
[wcsmall10_30s] rcdp5004 seed=18: M=6 D=733.21 gap=0.0 TIE t_best=0.5s wall=10s
[wcsmall10_30s] rcdp5004 seed=19: M=6 D=733.21 gap=0.0 TIE t_best=0.5s wall=10s
[wcsmall10_30s] rcdp5004 seed=20: M=6 D=733.21 gap=0.0 TIE t_best=0.5s wall=10s
[wcsmall10_30s] rcdp5004 seed=21: M=6 D=733.21 gap=0.0 TIE t_best=0.5s wall=10s
[wcsmall10_30s] rcdp5004 seed=22: M=6 D=733.21 gap=0.0 TIE t_best=0.5s wall=10s
[wcsmall10_30s] rcdp5004 seed=23: M=6 D=733.21 gap=0.0 TIE t_best=0.5s wall=10s
[wcsmall10_30s] rcdp5004 seed=24: M=6 D=733.21 gap=0.0 TIE t_best=0.5s wall=10s
[wcsmall10_30s] rcdp5004 seed=25: M=6 D=733.21 gap=0.0 TIE t_best=0.5s wall=10s
[wcsmall10_30s] rcdp5004 seed=26: M=6 D=733.21 gap=0.0 TIE t_best=0.5s wall=10s
[wcsmall10_30s] rcdp5004 seed=27: M=6 D=733.21 gap=0.0 TIE t_best=0.5s wall=10s
[wcsmall10_30s] rcdp5004 seed=28: M=6 D=733.21 gap=0.0 TIE t_best=0.5s wall=10s
[wcsmall10_30s] rcdp5004 seed=29: M=6 D=733.21 gap=0.0 TIE t_best=0.5s wall=10s
[wcsmall10_30s] rcdp5004 seed=30: M=6 D=733.21 gap=0.0 TIE t_best=0.5s wall=10s
[wcsmall10_30s] rcdp5007 seed=1: M=7 D=809.71 gap=-0.0 TIE t_best=0.4s wall=10s
[wcsmall10_30s] rcdp5007 seed=2: M=7 D=809.71 gap=-0.0 TIE t_best=0.4s wall=10s
[wcsmall10_30s] rcdp5007 seed=3: M=7 D=809.71 gap=-0.0 TIE t_best=0.4s wall=10s
[wcsmall10_30s] rcdp5007 seed=4: M=7 D=809.71 gap=-0.0 TIE t_best=0.4s wall=10s
[wcsmall10_30s] rcdp5007 seed=5: M=7 D=809.71 gap=-0.0 TIE t_best=0.4s wall=10s
[wcsmall10_30s] rcdp5007 seed=6: M=7 D=809.71 gap=-0.0 TIE t_best=0.4s wall=10s
[wcsmall10_30s] rcdp5007 seed=7: M=7 D=809.71 gap=-0.0 TIE t_best=0.4s wall=10s
[wcsmall10_30s] rcdp5007 seed=8: M=7 D=809.71 gap=-0.0 TIE t_best=0.4s wall=10s
[wcsmall10_30s] rcdp5007 seed=9: M=7 D=809.71 gap=-0.0 TIE t_best=0.4s wall=10s
[wcsmall10_30s] rcdp5007 seed=10: M=7 D=809.71 gap=-0.0 TIE t_best=0.4s wall=10s
[wcsmall10_30s] rcdp5007 seed=11: M=7 D=809.71 gap=-0.0 TIE t_best=0.4s wall=10s
[wcsmall10_30s] rcdp5007 seed=12: M=7 D=809.71 gap=-0.0 TIE t_best=0.4s wall=10s
[wcsmall10_30s] rcdp5007 seed=13: M=7 D=809.71 gap=-0.0 TIE t_best=0.4s wall=10s
[wcsmall10_30s] rcdp5007 seed=14: M=7 D=809.71 gap=-0.0 TIE t_best=0.4s wall=10s
[wcsmall10_30s] rcdp5007 seed=15: M=7 D=809.71 gap=-0.0 TIE t_best=0.4s wall=10s
[wcsmall10_30s] rcdp5007 seed=16: M=7 D=809.71 gap=-0.0 TIE t_best=0.4s wall=10s
[wcsmall10_30s] rcdp5007 seed=17: M=7 D=809.71 gap=-0.0 TIE t_best=0.4s wall=10s
[wcsmall10_30s] rcdp5007 seed=18: M=7 D=809.71 gap=-0.0 TIE t_best=0.4s wall=10s
[wcsmall10_30s] rcdp5007 seed=19: M=7 D=809.71 gap=-0.0 TIE t_best=0.4s wall=10s
[wcsmall10_30s] rcdp5007 seed=20: M=7 D=809.71 gap=-0.0 TIE t_best=0.4s wall=10s
[wcsmall10_30s] rcdp5007 seed=21: M=7 D=809.71 gap=-0.0 TIE t_best=0.4s wall=10s
[wcsmall10_30s] rcdp5007 seed=22: M=7 D=809.71 gap=-0.0 TIE t_best=0.4s wall=10s
[wcsmall10_30s] rcdp5007 seed=23: M=7 D=809.71 gap=-0.0 TIE t_best=0.4s wall=10s
[wcsmall10_30s] rcdp5007 seed=24: M=7 D=809.71 gap=-0.0 TIE t_best=0.4s wall=10s
[wcsmall10_30s] rcdp5007 seed=25: M=7 D=809.71 gap=-0.0 TIE t_best=0.4s wall=10s
[wcsmall10_30s] rcdp5007 seed=26: M=7 D=809.71 gap=-0.0 TIE t_best=0.4s wall=10s
[wcsmall10_30s] rcdp5007 seed=27: M=7 D=809.71 gap=-0.0 TIE t_best=0.4s wall=10s
[wcsmall10_30s] rcdp5007 seed=28: M=7 D=809.71 gap=-0.0 TIE t_best=0.4s wall=10s
[wcsmall10_30s] rcdp5007 seed=29: M=7 D=809.71 gap=-0.0 TIE t_best=0.4s wall=10s
[wcsmall10_30s] rcdp5007 seed=30: M=7 D=809.71 gap=-0.0 TIE t_best=0.4s wall=10s
