C:\Users\Admin\AppData\Roaming\Python\Python310\site-packages\cupy\_environment.py:286: UserWarning: CUDA path could not be detected. Set CUDA_PATH environment variable if CuPy fails to load.
  warnings.warn(
[gma120_s1] cdp101 seed=1: M=11 D=976.04 gap=0.0 TIE t_best=0.4s wall=121s
[gma120_s1] cdp102 seed=1: M=12 D=1018.44 gap=19.4683 worse t_best=2.6s wall=120s
[gma120_s1] cdp103 seed=1: M=11 D=1013.06 gap=10.1473 worse t_best=7.0s wall=120s
[gma120_s1] cdp104 seed=1: M=10 D=1172.83 gap=1.4442 worse t_best=8.8s wall=120s
[gma120_s1] cdp105 seed=1: M=10 D=1053.12 gap=0.0 TIE t_best=1.1s wall=121s
[gma120_s1] cdp106 seed=1: M=10 D=963.45 gap=-0.0 TIE t_best=0.5s wall=121s
[gma120_s1] cdp107 seed=1: M=10 D=987.64 gap=-0.0 TIE t_best=3.9s wall=120s
[gma120_s1] cdp108 seed=1: M=10 D=932.49 gap=0.0 TIE t_best=0.7s wall=120s
[gma120_s1] cdp109 seed=1: M=10 D=909.27 gap=0.0 TIE t_best=2.0s wall=120s
[gma120_s1] cdp201 seed=1: M=3 D=591.56 gap=-0.0 TIE t_best=0.4s wall=120s
[gma120_s1] cdp202 seed=1: M=3 D=591.56 gap=-0.0 TIE t_best=2.0s wall=121s
[gma120_s1] cdp203 seed=1: M=3 D=591.17 gap=-0.0 TIE t_best=2.9s wall=122s
[gma120_s1] cdp204 seed=1: M=3 D=590.60 gap=-0.0 TIE t_best=2.3s wall=123s
[gma120_s1] cdp205 seed=1: M=3 D=588.88 gap=-0.0 TIE t_best=0.8s wall=120s
[gma120_s1] cdp206 seed=1: M=3 D=588.49 gap=-0.0 TIE t_best=1.1s wall=121s
[gma120_s1] cdp207 seed=1: M=3 D=588.29 gap=0.0 TIE t_best=0.4s wall=121s
[gma120_s1] cdp208 seed=1: M=3 D=588.32 gap=-0.0 TIE t_best=0.4s wall=120s
[gma120_s1] rdp101 seed=1: M=19 D=1653.76 gap=0.0075 worse t_best=1.4s wall=120s
[gma120_s1] rdp102 seed=1: M=20 D=1698.73 gap=17.5072 worse t_best=0.9s wall=120s
[gma120_s1] rdp103 seed=1: M=15 D=1381.62 gap=14.9736 worse t_best=7.1s wall=120s
[gma120_s1] rdp104 seed=1: M=11 D=1258.86 gap=22.2451 worse t_best=12.5s wall=121s
[gma120_s1] rdp105 seed=1: M=14 D=1377.11 gap=-0.0 TIE t_best=1.3s wall=120s
[gma120_s1] rdp106 seed=1: M=14 D=1432.91 gap=16.5566 worse t_best=4.3s wall=120s
[gma120_s1] rdp107 seed=1: M=12 D=1248.42 gap=19.5896 worse t_best=12.0s wall=121s
[gma120_s1] rdp108 seed=1: M=11 D=1030.61 gap=21.4361 worse t_best=17.3s wall=120s
[gma120_s1] rdp109 seed=1: M=11 D=1194.73 gap=-0.0 TIE t_best=3.5s wall=121s
[gma120_s1] rdp110 seed=1: M=13 D=1240.22 gap=28.9694 worse t_best=10.0s wall=120s
[gma120_s1] rdp111 seed=1: M=14 D=1393.03 gap=39.3111 worse t_best=8.0s wall=120s
[gma120_s1] rdp112 seed=1: M=11 D=1066.37 gap=21.4194 worse t_best=14.4s wall=121s
[gma120_s1] rdp201 seed=1: M=4 D=1252.37 gap=-0.0 TIE t_best=2.1s wall=121s
[gma120_s1] rdp202 seed=1: M=3 D=1215.30 gap=0.3281 worse t_best=13.4s wall=120s
[gma120_s1] rdp203 seed=1: M=5 D=975.88 gap=58.1652 worse t_best=6.4s wall=121s
[gma120_s1] rdp204 seed=1: M=4 D=794.87 gap=82.2575 worse t_best=10.4s wall=120s
[gma120_s1] rdp205 seed=1: M=3 D=994.43 gap=-0.0 TIE t_best=20.0s wall=122s
[gma120_s1] rdp206 seed=1: M=6 D=1058.29 gap=89.0823 worse t_best=4.3s wall=120s
[gma120_s1] rdp207 seed=1: M=4 D=877.25 gap=81.5162 worse t_best=8.5s wall=121s
[gma120_s1] rdp208 seed=1: M=3 D=785.55 gap=43.5541 worse t_best=7.3s wall=121s
[gma120_s1] rdp209 seed=1: M=3 D=915.24 gap=0.088 worse t_best=29.2s wall=122s
[gma120_s1] rdp210 seed=1: M=3 D=960.00 gap=0.2972 worse t_best=9.6s wall=121s
[gma120_s1] rdp211 seed=1: M=3 D=901.02 gap=41.249 worse t_best=14.4s wall=121s
