C:\Users\Admin\AppData\Roaming\Python\Python310\site-packages\cupy\_environment.py:286: UserWarning: CUDA path could not be detected. Set CUDA_PATH environment variable if CuPy fails to load.
  warnings.warn(
[wc180_30s_slow] rdp211 seed=1: M=2 D=890.93 gap=0.1069 worse t_best=42.6s wall=180s
[wc180_30s_slow] rdp211 seed=2: M=2 D=899.97 gap=0.2918 worse t_best=62.0s wall=180s
[wc180_30s_slow] rdp211 seed=3: M=2 D=898.15 gap=0.2546 worse t_best=10.7s wall=180s
[wc180_30s_slow] rdp211 seed=4: M=2 D=890.93 gap=0.1069 worse t_best=162.3s wall=180s
[wc180_30s_slow] rdp211 seed=5: M=2 D=891.89 gap=0.1265 worse t_best=150.2s wall=180s
[wc180_30s_slow] rdp211 seed=6: M=2 D=898.15 gap=0.2546 worse t_best=16.2s wall=180s
[wc180_30s_slow] rdp211 seed=7: M=2 D=898.15 gap=0.2546 worse t_best=35.1s wall=180s
[wc180_30s_slow] rdp211 seed=8: M=2 D=892.17 gap=0.1321 worse t_best=142.5s wall=180s
[wc180_30s_slow] rdp211 seed=9: M=2 D=898.15 gap=0.2546 worse t_best=40.4s wall=180s
[wc180_30s_slow] rdp211 seed=10: M=2 D=885.71 gap=0.0 TIE t_best=111.6s wall=180s
[wc180_30s_slow] rdp211 seed=11: M=2 D=894.74 gap=0.1847 worse t_best=58.7s wall=180s
[wc180_30s_slow] rdp211 seed=12: M=2 D=898.15 gap=0.2546 worse t_best=70.9s wall=180s
[wc180_30s_slow] rdp211 seed=13: M=2 D=891.89 gap=0.1265 worse t_best=27.2s wall=180s
[wc180_30s_slow] rdp211 seed=14: M=2 D=898.15 gap=0.2546 worse t_best=45.6s wall=180s
[wc180_30s_slow] rdp211 seed=15: M=2 D=893.14 gap=0.1521 worse t_best=10.7s wall=180s
[wc180_30s_slow] rdp211 seed=16: M=2 D=896.15 gap=0.2138 worse t_best=97.6s wall=180s
[wc180_30s_slow] rdp211 seed=17: M=2 D=885.71 gap=0.0 TIE t_best=91.8s wall=180s
[wc180_30s_slow] rdp211 seed=18: M=2 D=898.15 gap=0.2546 worse t_best=45.2s wall=180s
[wc180_30s_slow] rdp211 seed=19: M=2 D=898.15 gap=0.2546 worse t_best=24.3s wall=180s
[wc180_30s_slow] rdp211 seed=20: M=2 D=898.15 gap=0.2546 worse t_best=35.0s wall=180s
[wc180_30s_slow] rdp211 seed=21: M=2 D=898.15 gap=0.2546 worse t_best=40.4s wall=180s
[wc180_30s_slow] rdp211 seed=22: M=2 D=892.88 gap=0.1468 worse t_best=178.9s wall=180s
[wc180_30s_slow] rdp211 seed=23: M=2 D=885.71 gap=0.0 TIE t_best=81.6s wall=180s
[wc180_30s_slow] rdp211 seed=24: M=2 D=885.71 gap=0.0 TIE t_best=51.9s wall=180s
[wc180_30s_slow] rdp211 seed=25: M=2 D=898.15 gap=0.2546 worse t_best=49.7s wall=180s
[wc180_30s_slow] rdp211 seed=26: M=2 D=898.15 gap=0.2546 worse t_best=51.1s wall=180s
[wc180_30s_slow] rdp211 seed=27: M=2 D=895.94 gap=0.2093 worse t_best=34.8s wall=180s
[wc180_30s_slow] rdp211 seed=28: M=2 D=896.06 gap=0.2119 worse t_best=120.9s wall=180s
[wc180_30s_slow] rdp211 seed=29: M=2 D=896.00 gap=0.2106 worse t_best=48.4s wall=180s
[wc180_30s_slow] rdp211 seed=30: M=2 D=898.15 gap=0.2546 worse t_best=10.8s wall=180s
C:\Users\Admin\AppData\Roaming\Python\Python310\site-packages\cupy\_environment.py:286: UserWarning: CUDA path could not be detected. Set CUDA_PATH environment variable if CuPy fails to load.
  warnings.warn(
[wc180_30s_slow] rdp203 seed=1: M=3 D=939.50 gap=-0.0 TIE t_best=94.4s wall=180s
[wc180_30s_slow] rdp203 seed=2: M=3 D=939.50 gap=-0.0 TIE t_best=8.8s wall=180s
[wc180_30s_slow] rdp203 seed=3: M=3 D=939.50 gap=-0.0 TIE t_best=70.7s wall=180s
[wc180_30s_slow] rdp203 seed=4: M=3 D=939.50 gap=-0.0 TIE t_best=40.8s wall=180s
[wc180_30s_slow] rdp203 seed=5: M=3 D=939.50 gap=-0.0 TIE t_best=75.5s wall=180s
[wc180_30s_slow] rdp203 seed=6: M=3 D=939.50 gap=-0.0 TIE t_best=6.5s wall=180s
[wc180_30s_slow] rdp203 seed=7: M=3 D=939.50 gap=-0.0 TIE t_best=17.3s wall=180s
[wc180_30s_slow] rdp203 seed=8: M=3 D=939.50 gap=-0.0 TIE t_best=23.9s wall=180s
[wc180_30s_slow] rdp203 seed=9: M=3 D=939.50 gap=-0.0 TIE t_best=51.5s wall=180s
[wc180_30s_slow] rdp203 seed=10: M=3 D=939.50 gap=-0.0 TIE t_best=23.7s wall=180s
[wc180_30s_slow] rdp203 seed=11: M=3 D=939.50 gap=-0.0 TIE t_best=43.0s wall=180s
[wc180_30s_slow] rdp203 seed=12: M=3 D=939.50 gap=-0.0 TIE t_best=8.7s wall=180s
[wc180_30s_slow] rdp203 seed=13: M=3 D=941.62 gap=0.0306 worse t_best=10.9s wall=180s
[wc180_30s_slow] rdp203 seed=14: M=3 D=939.50 gap=-0.0 TIE t_best=99.3s wall=180s
[wc180_30s_slow] rdp203 seed=15: M=3 D=939.50 gap=-0.0 TIE t_best=21.9s wall=180s
[wc180_30s_slow] rdp203 seed=16: M=3 D=939.50 gap=-0.0 TIE t_best=157.7s wall=180s
[wc180_30s_slow] rdp203 seed=17: M=3 D=939.50 gap=-0.0 TIE t_best=26.1s wall=180s
[wc180_30s_slow] rdp203 seed=18: M=3 D=939.50 gap=-0.0 TIE t_best=36.7s wall=180s
[wc180_30s_slow] rdp203 seed=19: M=3 D=939.50 gap=-0.0 TIE t_best=87.8s wall=180s
[wc180_30s_slow] rdp203 seed=20: M=3 D=939.50 gap=-0.0 TIE t_best=51.9s wall=180s
[wc180_30s_slow] rdp203 seed=21: M=3 D=941.62 gap=0.0306 worse t_best=8.8s wall=180s
[wc180_30s_slow] rdp203 seed=22: M=3 D=941.08 gap=0.0228 worse t_best=4.4s wall=180s
[wc180_30s_slow] rdp203 seed=23: M=3 D=939.50 gap=-0.0 TIE t_best=8.8s wall=180s
[wc180_30s_slow] rdp203 seed=24: M=3 D=941.62 gap=0.0306 worse t_best=6.6s wall=180s
[wc180_30s_slow] rdp203 seed=25: M=3 D=941.08 gap=0.0228 worse t_best=21.7s wall=180s
[wc180_30s_slow] rdp203 seed=26: M=3 D=939.50 gap=-0.0 TIE t_best=21.7s wall=180s
[wc180_30s_slow] rdp203 seed=27: M=3 D=939.50 gap=-0.0 TIE t_best=112.0s wall=180s
[wc180_30s_slow] rdp203 seed=28: M=3 D=939.50 gap=-0.0 TIE t_best=62.6s wall=180s
[wc180_30s_slow] rdp203 seed=29: M=3 D=939.50 gap=-0.0 TIE t_best=122.7s wall=180s
[wc180_30s_slow] rdp203 seed=30: M=3 D=941.62 gap=0.0306 worse t_best=15.2s wall=180s
[wc180_30s_slow] rdp112 seed=1: M=9 D=997.26 gap=0.0 TIE t_best=52.9s wall=180s
[wc180_30s_slow] rdp112 seed=2: M=9 D=997.26 gap=0.0 TIE t_best=116.0s wall=180s
[wc180_30s_slow] rdp112 seed=3: M=9 D=999.44 gap=0.0114 worse t_best=62.7s wall=180s
[wc180_30s_slow] rdp112 seed=4: M=9 D=999.44 gap=0.0114 worse t_best=27.3s wall=180s
[wc180_30s_slow] rdp112 seed=5: M=9 D=999.44 gap=0.0114 worse t_best=40.3s wall=180s
[wc180_30s_slow] rdp112 seed=6: M=9 D=999.44 gap=0.0114 worse t_best=25.7s wall=180s
[wc180_30s_slow] rdp112 seed=7: M=9 D=999.44 gap=0.0114 worse t_best=14.4s wall=180s
[wc180_30s_slow] rdp112 seed=8: M=9 D=997.26 gap=0.0 TIE t_best=25.7s wall=180s
[wc180_30s_slow] rdp112 seed=9: M=9 D=997.26 gap=0.0 TIE t_best=119.8s wall=180s
[wc180_30s_slow] rdp112 seed=10: M=9 D=999.44 gap=0.0114 worse t_best=18.5s wall=180s
[wc180_30s_slow] rdp112 seed=11: M=9 D=999.44 gap=0.0114 worse t_best=47.4s wall=180s
[wc180_30s_slow] rdp112 seed=12: M=9 D=997.26 gap=0.0 TIE t_best=21.4s wall=180s
[wc180_30s_slow] rdp112 seed=13: M=9 D=999.44 gap=0.0114 worse t_best=41.5s wall=180s
[wc180_30s_slow] rdp112 seed=14: M=9 D=997.26 gap=0.0 TIE t_best=67.6s wall=180s
[wc180_30s_slow] rdp112 seed=15: M=9 D=998.22 gap=0.005 worse t_best=178.5s wall=180s
[wc180_30s_slow] rdp112 seed=16: M=9 D=999.44 gap=0.0114 worse t_best=19.9s wall=180s
[wc180_30s_slow] rdp112 seed=17: M=9 D=997.26 gap=0.0 TIE t_best=132.8s wall=180s
[wc180_30s_slow] rdp112 seed=18: M=9 D=999.44 gap=0.0114 worse t_best=17.2s wall=180s
[wc180_30s_slow] rdp112 seed=19: M=9 D=999.44 gap=0.0114 worse t_best=25.7s wall=180s
[wc180_30s_slow] rdp112 seed=20: M=9 D=999.44 gap=0.0114 worse t_best=18.7s wall=180s
[wc180_30s_slow] rdp112 seed=21: M=9 D=997.26 gap=0.0 TIE t_best=115.1s wall=180s
[wc180_30s_slow] rdp112 seed=22: M=9 D=999.44 gap=0.0114 worse t_best=45.8s wall=180s
[wc180_30s_slow] rdp112 seed=23: M=9 D=997.26 gap=0.0 TIE t_best=168.3s wall=180s
[wc180_30s_slow] rdp112 seed=24: M=9 D=999.44 gap=0.0114 worse t_best=25.8s wall=180s
[wc180_30s_slow] rdp112 seed=25: M=9 D=999.44 gap=0.0114 worse t_best=108.5s wall=180s
[wc180_30s_slow] rdp112 seed=26: M=9 D=999.44 gap=0.0114 worse t_best=30.4s wall=180s
[wc180_30s_slow] rdp112 seed=27: M=9 D=999.44 gap=0.0114 worse t_best=17.3s wall=180s
[wc180_30s_slow] rdp112 seed=28: M=9 D=997.26 gap=0.0 TIE t_best=127.0s wall=180s
[wc180_30s_slow] rdp112 seed=29: M=9 D=999.44 gap=0.0114 worse t_best=18.6s wall=180s
[wc180_30s_slow] rdp112 seed=30: M=9 D=999.44 gap=0.0114 worse t_best=20.2s wall=180s
[wc180_30s_slow] rcdp107 seed=1: M=11 D=1252.79 gap=-0.0 TIE t_best=134.7s wall=180s
[wc180_30s_slow] rcdp107 seed=2: M=11 D=1252.79 gap=-0.0 TIE t_best=21.0s wall=180s
[wc180_30s_slow] rcdp107 seed=3: M=11 D=1252.79 gap=-0.0 TIE t_best=15.8s wall=180s
[wc180_30s_slow] rcdp107 seed=4: M=11 D=1252.79 gap=-0.0 TIE t_best=15.9s wall=180s
[wc180_30s_slow] rcdp107 seed=5: M=11 D=1252.79 gap=-0.0 TIE t_best=87.0s wall=181s
[wc180_30s_slow] rcdp107 seed=6: M=11 D=1252.79 gap=-0.0 TIE t_best=39.9s wall=180s
[wc180_30s_slow] rcdp107 seed=7: M=11 D=1252.79 gap=-0.0 TIE t_best=10.5s wall=180s
[wc180_30s_slow] rcdp107 seed=8: M=11 D=1252.79 gap=-0.0 TIE t_best=12.7s wall=180s
[wc180_30s_slow] rcdp107 seed=9: M=11 D=1255.06 gap=0.0098 worse t_best=14.8s wall=180s
[wc180_30s_slow] rcdp107 seed=10: M=11 D=1255.06 gap=0.0098 worse t_best=9.5s wall=180s
[wc180_30s_slow] rcdp107 seed=11: M=11 D=1252.79 gap=-0.0 TIE t_best=11.7s wall=180s
[wc180_30s_slow] rcdp107 seed=12: M=11 D=1255.06 gap=0.0098 worse t_best=8.5s wall=180s
[wc180_30s_slow] rcdp107 seed=13: M=11 D=1252.79 gap=-0.0 TIE t_best=20.1s wall=180s
[wc180_30s_slow] rcdp107 seed=14: M=11 D=1252.79 gap=-0.0 TIE t_best=34.6s wall=180s
[wc180_30s_slow] rcdp107 seed=15: M=11 D=1255.06 gap=0.0098 worse t_best=11.7s wall=180s
[wc180_30s_slow] rcdp107 seed=16: M=11 D=1252.79 gap=-0.0 TIE t_best=19.9s wall=180s
[wc180_30s_slow] rcdp107 seed=17: M=11 D=1255.06 gap=0.0098 worse t_best=7.4s wall=180s
[wc180_30s_slow] rcdp107 seed=18: M=11 D=1252.79 gap=-0.0 TIE t_best=19.0s wall=180s
[wc180_30s_slow] rcdp107 seed=19: M=11 D=1252.79 gap=-0.0 TIE t_best=91.2s wall=180s
[wc180_30s_slow] rcdp107 seed=20: M=11 D=1252.79 gap=-0.0 TIE t_best=28.5s wall=180s
[wc180_30s_slow] rcdp107 seed=21: M=11 D=1252.79 gap=-0.0 TIE t_best=115.7s wall=180s
[wc180_30s_slow] rcdp107 seed=22: M=11 D=1255.06 gap=0.0098 worse t_best=10.5s wall=180s
[wc180_30s_slow] rcdp107 seed=23: M=11 D=1252.79 gap=-0.0 TIE t_best=17.0s wall=180s
[wc180_30s_slow] rcdp107 seed=24: M=11 D=1252.79 gap=-0.0 TIE t_best=17.0s wall=180s
[wc180_30s_slow] rcdp107 seed=25: M=11 D=1252.79 gap=-0.0 TIE t_best=11.7s wall=180s
[wc180_30s_slow] rcdp107 seed=26: M=11 D=1252.79 gap=-0.0 TIE t_best=35.7s wall=180s
[wc180_30s_slow] rcdp107 seed=27: M=11 D=1255.06 gap=0.0098 worse t_best=6.3s wall=180s
[wc180_30s_slow] rcdp107 seed=28: M=11 D=1252.79 gap=-0.0 TIE t_best=108.5s wall=180s
[wc180_30s_slow] rcdp107 seed=29: M=11 D=1255.06 gap=0.0098 worse t_best=4.2s wall=180s
[wc180_30s_slow] rcdp107 seed=30: M=11 D=1252.79 gap=-0.0 TIE t_best=14.8s wall=180s
[wc180_30s_slow] rcdp208 seed=1: M=3 D=828.14 gap=0.0 TIE t_best=46.4s wall=180s
[wc180_30s_slow] rcdp208 seed=2: M=3 D=828.71 gap=0.0083 worse t_best=20.6s wall=180s
[wc180_30s_slow] rcdp208 seed=3: M=3 D=828.14 gap=0.0 TIE t_best=23.1s wall=180s
[wc180_30s_slow] rcdp208 seed=4: M=3 D=828.71 gap=0.0083 worse t_best=5.1s wall=180s
[wc180_30s_slow] rcdp208 seed=5: M=3 D=828.14 gap=0.0 TIE t_best=10.4s wall=180s
[wc180_30s_slow] rcdp208 seed=6: M=3 D=828.14 gap=0.0 TIE t_best=131.0s wall=180s
[wc180_30s_slow] rcdp208 seed=7: M=3 D=828.14 gap=0.0 TIE t_best=77.9s wall=180s
[wc180_30s_slow] rcdp208 seed=8: M=3 D=828.14 gap=0.0 TIE t_best=46.3s wall=180s
[wc180_30s_slow] rcdp208 seed=9: M=3 D=828.14 gap=0.0 TIE t_best=51.4s wall=180s
[wc180_30s_slow] rcdp208 seed=10: M=3 D=828.71 gap=0.0083 worse t_best=41.2s wall=180s
[wc180_30s_slow] rcdp208 seed=11: M=3 D=828.71 gap=0.0083 worse t_best=20.7s wall=180s
[wc180_30s_slow] rcdp208 seed=12: M=3 D=828.14 gap=0.0 TIE t_best=20.6s wall=180s
[wc180_30s_slow] rcdp208 seed=13: M=3 D=828.14 gap=0.0 TIE t_best=10.3s wall=180s
[wc180_30s_slow] rcdp208 seed=14: M=3 D=828.14 gap=0.0 TIE t_best=126.2s wall=180s
[wc180_30s_slow] rcdp208 seed=15: M=3 D=828.14 gap=0.0 TIE t_best=23.4s wall=180s
[wc180_30s_slow] rcdp208 seed=16: M=3 D=828.14 gap=0.0 TIE t_best=23.1s wall=180s
[wc180_30s_slow] rcdp208 seed=17: M=3 D=828.14 gap=0.0 TIE t_best=15.5s wall=180s
[wc180_30s_slow] rcdp208 seed=18: M=3 D=828.14 gap=0.0 TIE t_best=150.3s wall=180s
[wc180_30s_slow] rcdp208 seed=19: M=3 D=828.14 gap=0.0 TIE t_best=62.4s wall=180s
[wc180_30s_slow] rcdp208 seed=20: M=3 D=828.14 gap=0.0 TIE t_best=35.9s wall=180s
[wc180_30s_slow] rcdp208 seed=21: M=3 D=828.71 gap=0.0083 worse t_best=7.8s wall=180s
[wc180_30s_slow] rcdp208 seed=22: M=3 D=828.14 gap=0.0 TIE t_best=38.6s wall=180s
[wc180_30s_slow] rcdp208 seed=23: M=3 D=828.14 gap=0.0 TIE t_best=18.1s wall=180s
[wc180_30s_slow] rcdp208 seed=24: M=3 D=828.14 gap=0.0 TIE t_best=25.9s wall=180s
[wc180_30s_slow] rcdp208 seed=25: M=3 D=828.14 gap=0.0 TIE t_best=149.7s wall=180s
[wc180_30s_slow] rcdp208 seed=26: M=3 D=828.14 gap=0.0 TIE t_best=25.6s wall=180s
[wc180_30s_slow] rcdp208 seed=27: M=3 D=828.14 gap=0.0 TIE t_best=97.7s wall=180s
[wc180_30s_slow] rcdp208 seed=28: M=3 D=828.14 gap=0.0 TIE t_best=51.7s wall=180s
[wc180_30s_slow] rcdp208 seed=29: M=3 D=828.71 gap=0.0083 worse t_best=20.7s wall=180s
[wc180_30s_slow] rcdp208 seed=30: M=3 D=828.14 gap=0.0 TIE t_best=51.7s wall=180s
[wc180_30s_slow] rdp209 seed=1: M=3 D=909.16 gap=0.0 TIE t_best=23.7s wall=180s
[wc180_30s_slow] rdp209 seed=2: M=3 D=909.16 gap=0.0 TIE t_best=18.4s wall=180s
[wc180_30s_slow] rdp209 seed=3: M=3 D=909.16 gap=0.0 TIE t_best=38.0s wall=180s
[wc180_30s_slow] rdp209 seed=4: M=3 D=909.16 gap=0.0 TIE t_best=42.0s wall=180s
[wc180_30s_slow] rdp209 seed=5: M=3 D=909.16 gap=0.0 TIE t_best=9.2s wall=180s
[wc180_30s_slow] rdp209 seed=6: M=3 D=909.16 gap=0.0 TIE t_best=16.3s wall=180s
[wc180_30s_slow] rdp209 seed=7: M=3 D=909.16 gap=0.0 TIE t_best=18.3s wall=180s
[wc180_30s_slow] rdp209 seed=8: M=3 D=909.16 gap=0.0 TIE t_best=122.0s wall=180s
[wc180_30s_slow] rdp209 seed=9: M=3 D=909.16 gap=0.0 TIE t_best=87.7s wall=180s
[wc180_30s_slow] rdp209 seed=10: M=3 D=909.16 gap=0.0 TIE t_best=23.6s wall=180s
[wc180_30s_slow] rdp209 seed=11: M=3 D=909.16 gap=0.0 TIE t_best=14.7s wall=180s
[wc180_30s_slow] rdp209 seed=12: M=3 D=909.16 gap=0.0 TIE t_best=11.0s wall=180s
[wc180_30s_slow] rdp209 seed=13: M=3 D=909.16 gap=0.0 TIE t_best=20.2s wall=180s
[wc180_30s_slow] rdp209 seed=14: M=3 D=909.16 gap=0.0 TIE t_best=20.0s wall=180s
[wc180_30s_slow] rdp209 seed=15: M=3 D=909.16 gap=0.0 TIE t_best=22.0s wall=180s
[wc180_30s_slow] rdp209 seed=16: M=3 D=909.16 gap=0.0 TIE t_best=62.4s wall=180s
[wc180_30s_slow] rdp209 seed=17: M=3 D=909.16 gap=0.0 TIE t_best=25.8s wall=180s
[wc180_30s_slow] rdp209 seed=18: M=3 D=909.16 gap=0.0 TIE t_best=18.1s wall=180s
[wc180_30s_slow] rdp209 seed=19: M=3 D=909.16 gap=0.0 TIE t_best=16.4s wall=180s
[wc180_30s_slow] rdp209 seed=20: M=3 D=909.16 gap=0.0 TIE t_best=20.2s wall=180s
[wc180_30s_slow] rdp209 seed=21: M=3 D=909.16 gap=0.0 TIE t_best=5.5s wall=180s
[wc180_30s_slow] rdp209 seed=22: M=3 D=909.16 gap=0.0 TIE t_best=16.4s wall=180s
[wc180_30s_slow] rdp209 seed=23: M=3 D=909.16 gap=0.0 TIE t_best=16.5s wall=180s
[wc180_30s_slow] rdp209 seed=24: M=3 D=909.16 gap=0.0 TIE t_best=42.0s wall=180s
[wc180_30s_slow] rdp209 seed=25: M=3 D=909.16 gap=0.0 TIE t_best=42.2s wall=180s
[wc180_30s_slow] rdp209 seed=26: M=3 D=909.16 gap=0.0 TIE t_best=11.0s wall=180s
[wc180_30s_slow] rdp209 seed=27: M=3 D=909.16 gap=0.0 TIE t_best=11.0s wall=180s
[wc180_30s_slow] rdp209 seed=28: M=3 D=910.55 gap=0.0201 worse t_best=7.4s wall=180s
[wc180_30s_slow] rdp209 seed=29: M=3 D=909.16 gap=0.0 TIE t_best=40.3s wall=180s
[wc180_30s_slow] rdp209 seed=30: M=3 D=909.16 gap=0.0 TIE t_best=20.0s wall=180s
