RUN C:\ProgramData\anaconda3\envs\Env_NN_GPU\python.exe C:\Users\Admin\source\repos\vrpspdtw-gpu\scripts\..\scripts\campaign.py --algo copts --seeds 1 2 3 4 5 --time 60.0 --tag abl_base --params {"stall_epochs": 20} --inst rdp211 rdp203 rdp112 rcdp107 rcdp208 rdp209
C:\Users\Admin\AppData\Roaming\Python\Python310\site-packages\cupy\_environment.py:286: UserWarning: CUDA path could not be detected. Set CUDA_PATH environment variable if CuPy fails to load.
  warnings.warn(
[abl_base] rdp211 seed=1: M=2 D=890.93 gap=0.1069 worse t_best=42.5s wall=60s
[abl_base] rdp211 seed=2: M=2 D=899.97 gap=0.2918 worse t_best=60.2s wall=60s
[abl_base] rdp211 seed=3: M=2 D=898.15 gap=0.2546 worse t_best=10.8s wall=60s
[abl_base] rdp211 seed=4: M=2 D=892.99 gap=0.149 worse t_best=44.3s wall=60s
[abl_base] rdp211 seed=5: M=2 D=893.14 gap=0.1521 worse t_best=16.2s wall=60s
[abl_base] rdp203 seed=1: M=3 D=939.88 gap=0.0055 worse t_best=58.0s wall=60s
[abl_base] rdp203 seed=2: M=3 D=939.50 gap=-0.0 TIE t_best=8.8s wall=60s
[abl_base] rdp203 seed=3: M=3 D=939.73 gap=0.0032 worse t_best=55.8s wall=60s
[abl_base] rdp203 seed=4: M=3 D=939.50 gap=-0.0 TIE t_best=40.8s wall=60s
[abl_base] rdp203 seed=5: M=3 D=939.58 gap=0.0011 worse t_best=60.1s wall=60s
[abl_base] rdp112 seed=1: M=9 D=997.26 gap=0.0 TIE t_best=53.1s wall=60s
[abl_base] rdp112 seed=2: M=9 D=999.44 gap=0.0114 worse t_best=18.7s wall=60s
[abl_base] rdp112 seed=3: M=9 D=999.44 gap=0.0115 worse t_best=47.1s wall=60s
[abl_base] rdp112 seed=4: M=9 D=999.44 gap=0.0114 worse t_best=27.4s wall=60s
[abl_base] rdp112 seed=5: M=9 D=999.44 gap=0.0114 worse t_best=40.4s wall=60s
[abl_base] rcdp107 seed=1: M=11 D=1255.06 gap=0.0098 worse t_best=11.7s wall=60s
[abl_base] rcdp107 seed=2: M=11 D=1252.79 gap=-0.0 TIE t_best=21.2s wall=60s
[abl_base] rcdp107 seed=3: M=11 D=1252.79 gap=-0.0 TIE t_best=16.0s wall=60s
[abl_base] rcdp107 seed=4: M=11 D=1252.79 gap=-0.0 TIE t_best=16.0s wall=60s
[abl_base] rcdp107 seed=5: M=11 D=1255.06 gap=0.0098 worse t_best=5.2s wall=60s
[abl_base] rcdp208 seed=1: M=3 D=828.14 gap=0.0 TIE t_best=46.2s wall=60s
[abl_base] rcdp208 seed=2: M=3 D=828.71 gap=0.0083 worse t_best=20.6s wall=60s
[abl_base] rcdp208 seed=3: M=3 D=828.14 gap=0.0 TIE t_best=23.0s wall=60s
[abl_base] rcdp208 seed=4: M=3 D=828.71 gap=0.0083 worse t_best=5.1s wall=60s
[abl_base] rcdp208 seed=5: M=3 D=828.14 gap=0.0 TIE t_best=10.4s wall=60s
[abl_base] rdp209 seed=1: M=3 D=909.16 gap=0.0 TIE t_best=23.7s wall=60s
[abl_base] rdp209 seed=2: M=3 D=909.16 gap=0.0 TIE t_best=18.3s wall=60s
[abl_base] rdp209 seed=3: M=3 D=909.16 gap=0.0 TIE t_best=38.3s wall=60s
[abl_base] rdp209 seed=4: M=3 D=909.16 gap=0.0 TIE t_best=42.0s wall=60s
[abl_base] rdp209 seed=5: M=3 D=909.16 gap=0.0 TIE t_best=9.2s wall=60s
RUN C:\ProgramData\anaconda3\envs\Env_NN_GPU\python.exe C:\Users\Admin\source\repos\vrpspdtw-gpu\scripts\..\scripts\campaign.py --algo copts --seeds 1 2 3 4 5 --time 60.0 --tag abl_nocoop --params {"stall_epochs": 20, "rho": 0.0, "dedup": false} --inst rdp211 rdp203 rdp112 rcdp107 rcdp208 rdp209
C:\Users\Admin\AppData\Roaming\Python\Python310\site-packages\cupy\_environment.py:286: UserWarning: CUDA path could not be detected. Set CUDA_PATH environment variable if CuPy fails to load.
  warnings.warn(
[abl_nocoop] rdp211 seed=1: M=2 D=893.14 gap=0.1521 worse t_best=46.2s wall=60s
[abl_nocoop] rdp211 seed=2: M=2 D=900.18 gap=0.2962 worse t_best=23.4s wall=60s
[abl_nocoop] rdp211 seed=3: M=2 D=903.29 gap=0.3598 worse t_best=25.7s wall=60s
[abl_nocoop] rdp211 seed=4: M=2 D=897.99 gap=0.2513 worse t_best=31.1s wall=60s
[abl_nocoop] rdp211 seed=5: M=2 D=898.06 gap=0.2528 worse t_best=2.6s wall=60s
[abl_nocoop] rdp203 seed=1: M=3 D=939.58 gap=0.0011 worse t_best=16.9s wall=60s
[abl_nocoop] rdp203 seed=2: M=3 D=942.13 gap=0.0378 worse t_best=23.6s wall=60s
[abl_nocoop] rdp203 seed=3: M=3 D=942.33 gap=0.0408 worse t_best=46.1s wall=60s
[abl_nocoop] rdp203 seed=4: M=3 D=942.13 gap=0.0378 worse t_best=57.2s wall=60s
[abl_nocoop] rdp203 seed=5: M=3 D=941.72 gap=0.0319 worse t_best=15.1s wall=60s
[abl_nocoop] rdp112 seed=1: M=9 D=997.26 gap=0.0 TIE t_best=54.6s wall=60s
[abl_nocoop] rdp112 seed=2: M=9 D=999.81 gap=0.0134 worse t_best=22.9s wall=60s
[abl_nocoop] rdp112 seed=3: M=9 D=1003.24 gap=0.0314 worse t_best=36.2s wall=60s
[abl_nocoop] rdp112 seed=4: M=9 D=1000.32 gap=0.0161 worse t_best=22.8s wall=60s
[abl_nocoop] rdp112 seed=5: M=9 D=1003.79 gap=0.0343 worse t_best=22.9s wall=60s
[abl_nocoop] rcdp107 seed=1: M=11 D=1263.14 gap=0.0445 worse t_best=47.3s wall=60s
[abl_nocoop] rcdp107 seed=2: M=11 D=1260.24 gap=0.032 worse t_best=8.0s wall=60s
[abl_nocoop] rcdp107 seed=3: M=11 D=1261.16 gap=0.036 worse t_best=39.3s wall=60s
[abl_nocoop] rcdp107 seed=4: M=11 D=1261.30 gap=0.0366 worse t_best=28.7s wall=60s
[abl_nocoop] rcdp107 seed=5: M=11 D=1262.96 gap=0.0437 worse t_best=31.6s wall=60s
[abl_nocoop] rcdp208 seed=1: M=3 D=829.69 gap=0.0227 worse t_best=5.1s wall=60s
[abl_nocoop] rcdp208 seed=2: M=3 D=829.69 gap=0.0227 worse t_best=29.7s wall=60s
[abl_nocoop] rcdp208 seed=3: M=3 D=829.69 gap=0.0227 worse t_best=12.3s wall=60s
[abl_nocoop] rcdp208 seed=4: M=3 D=830.86 gap=0.0399 worse t_best=34.6s wall=60s
[abl_nocoop] rcdp208 seed=5: M=3 D=829.69 gap=0.0227 worse t_best=39.8s wall=60s
[abl_nocoop] rdp209 seed=1: M=3 D=914.12 gap=0.0717 worse t_best=58.4s wall=60s
[abl_nocoop] rdp209 seed=2: M=3 D=915.16 gap=0.0868 worse t_best=19.2s wall=60s
[abl_nocoop] rdp209 seed=3: M=3 D=915.44 gap=0.0909 worse t_best=35.5s wall=60s
[abl_nocoop] rdp209 seed=4: M=3 D=915.16 gap=0.0868 worse t_best=12.4s wall=60s
[abl_nocoop] rdp209 seed=5: M=3 D=911.76 gap=0.0376 worse t_best=1.8s wall=60s
RUN C:\ProgramData\anaconda3\envs\Env_NN_GPU\python.exe C:\Users\Admin\source\repos\vrpspdtw-gpu\scripts\..\scripts\campaign.py --algo copts --seeds 1 2 3 4 5 --time 60.0 --tag abl_noxover --params {"stall_epochs": 20, "p_cross": 0.0} --inst rdp211 rdp203 rdp112 rcdp107 rcdp208 rdp209
C:\Users\Admin\AppData\Roaming\Python\Python310\site-packages\cupy\_environment.py:286: UserWarning: CUDA path could not be detected. Set CUDA_PATH environment variable if CuPy fails to load.
  warnings.warn(
[abl_noxover] rdp211 seed=1: M=2 D=893.14 gap=0.1521 worse t_best=47.6s wall=60s
[abl_noxover] rdp211 seed=2: M=2 D=898.03 gap=0.2521 worse t_best=34.7s wall=60s
[abl_noxover] rdp211 seed=3: M=2 D=901.49 gap=0.3229 worse t_best=44.9s wall=60s
[abl_noxover] rdp211 seed=4: M=2 D=900.12 gap=0.2949 worse t_best=48.1s wall=60s
[abl_noxover] rdp211 seed=5: M=2 D=898.06 gap=0.2528 worse t_best=2.7s wall=60s
[abl_noxover] rdp203 seed=1: M=3 D=941.62 gap=0.0306 worse t_best=8.7s wall=60s
[abl_noxover] rdp203 seed=2: M=3 D=939.64 gap=0.002 worse t_best=54.4s wall=60s
[abl_noxover] rdp203 seed=3: M=3 D=941.62 gap=0.0306 worse t_best=15.1s wall=60s
[abl_noxover] rdp203 seed=4: M=3 D=941.62 gap=0.0306 worse t_best=32.6s wall=60s
[abl_noxover] rdp203 seed=5: M=3 D=941.62 gap=0.0306 worse t_best=6.6s wall=60s
[abl_noxover] rdp112 seed=1: M=9 D=998.22 gap=0.005 worse t_best=32.9s wall=60s
[abl_noxover] rdp112 seed=2: M=9 D=1001.00 gap=0.0197 worse t_best=35.6s wall=60s
[abl_noxover] rdp112 seed=3: M=9 D=999.81 gap=0.0134 worse t_best=51.5s wall=60s
[abl_noxover] rdp112 seed=4: M=9 D=999.44 gap=0.0115 worse t_best=57.1s wall=60s
[abl_noxover] rdp112 seed=5: M=9 D=997.26 gap=0.0 TIE t_best=55.9s wall=60s
[abl_noxover] rcdp107 seed=1: M=11 D=1255.72 gap=0.0126 worse t_best=50.1s wall=60s
[abl_noxover] rcdp107 seed=2: M=11 D=1255.72 gap=0.0126 worse t_best=40.9s wall=60s
[abl_noxover] rcdp107 seed=3: M=11 D=1252.79 gap=-0.0 TIE t_best=53.3s wall=60s
[abl_noxover] rcdp107 seed=4: M=11 D=1255.06 gap=0.0098 worse t_best=10.6s wall=60s
[abl_noxover] rcdp107 seed=5: M=11 D=1255.72 gap=0.0126 worse t_best=18.9s wall=60s
[abl_noxover] rcdp208 seed=1: M=3 D=828.14 gap=0.0 TIE t_best=48.8s wall=60s
[abl_noxover] rcdp208 seed=2: M=3 D=828.14 gap=0.0 TIE t_best=33.0s wall=60s
[abl_noxover] rcdp208 seed=3: M=3 D=828.71 gap=0.0083 worse t_best=50.8s wall=60s
[abl_noxover] rcdp208 seed=4: M=3 D=828.14 gap=0.0 TIE t_best=25.6s wall=60s
[abl_noxover] rcdp208 seed=5: M=3 D=828.71 gap=0.0083 worse t_best=20.6s wall=60s
[abl_noxover] rdp209 seed=1: M=3 D=909.66 gap=0.0071 worse t_best=19.9s wall=60s
[abl_noxover] rdp209 seed=2: M=3 D=909.66 gap=0.0071 worse t_best=51.9s wall=60s
[abl_noxover] rdp209 seed=3: M=3 D=910.55 gap=0.0201 worse t_best=30.1s wall=60s
[abl_noxover] rdp209 seed=4: M=3 D=909.16 gap=0.0 TIE t_best=59.4s wall=60s
[abl_noxover] rdp209 seed=5: M=3 D=909.66 gap=0.0071 worse t_best=16.2s wall=60s
RUN C:\ProgramData\anaconda3\envs\Env_NN_GPU\python.exe C:\Users\Admin\source\repos\vrpspdtw-gpu\scripts\..\scripts\campaign.py --algo copts --seeds 1 2 3 4 5 --time 60.0 --tag abl_onlyxover --params {"stall_epochs": 20, "p_cross": 1.0} --inst rdp211 rdp203 rdp112 rcdp107 rcdp208 rdp209
C:\Users\Admin\AppData\Roaming\Python\Python310\site-packages\cupy\_environment.py:286: UserWarning: CUDA path could not be detected. Set CUDA_PATH environment variable if CuPy fails to load.
  warnings.warn(
[abl_onlyxover] rdp211 seed=1: M=2 D=893.14 gap=0.1521 worse t_best=48.2s wall=60s
[abl_onlyxover] rdp211 seed=2: M=2 D=898.15 gap=0.2546 worse t_best=46.2s wall=60s
[abl_onlyxover] rdp211 seed=3: M=2 D=898.15 gap=0.2546 worse t_best=21.4s wall=60s
[abl_onlyxover] rdp211 seed=4: M=2 D=900.18 gap=0.2962 worse t_best=30.2s wall=60s
[abl_onlyxover] rdp211 seed=5: M=2 D=892.99 gap=0.149 worse t_best=32.9s wall=60s
[abl_onlyxover] rdp203 seed=1: M=3 D=941.08 gap=0.0228 worse t_best=10.8s wall=60s
[abl_onlyxover] rdp203 seed=2: M=3 D=941.08 gap=0.0228 worse t_best=13.0s wall=60s
[abl_onlyxover] rdp203 seed=3: M=3 D=941.08 gap=0.0228 worse t_best=6.5s wall=60s
[abl_onlyxover] rdp203 seed=4: M=3 D=939.50 gap=-0.0 TIE t_best=47.3s wall=60s
[abl_onlyxover] rdp203 seed=5: M=3 D=941.08 gap=0.0228 worse t_best=10.9s wall=60s
[abl_onlyxover] rdp112 seed=1: M=9 D=997.26 gap=0.0 TIE t_best=31.7s wall=60s
[abl_onlyxover] rdp112 seed=2: M=9 D=999.44 gap=0.0114 worse t_best=14.4s wall=60s
[abl_onlyxover] rdp112 seed=3: M=9 D=999.44 gap=0.0114 worse t_best=38.0s wall=60s
[abl_onlyxover] rdp112 seed=4: M=9 D=999.44 gap=0.0114 worse t_best=14.5s wall=60s
[abl_onlyxover] rdp112 seed=5: M=9 D=1001.00 gap=0.0197 worse t_best=17.5s wall=60s
[abl_onlyxover] rcdp107 seed=1: M=11 D=1252.79 gap=-0.0 TIE t_best=9.5s wall=60s
[abl_onlyxover] rcdp107 seed=2: M=11 D=1252.79 gap=-0.0 TIE t_best=10.6s wall=60s
[abl_onlyxover] rcdp107 seed=3: M=11 D=1255.06 gap=0.0098 worse t_best=6.3s wall=60s
[abl_onlyxover] rcdp107 seed=4: M=11 D=1252.79 gap=-0.0 TIE t_best=8.5s wall=60s
[abl_onlyxover] rcdp107 seed=5: M=11 D=1252.79 gap=-0.0 TIE t_best=11.7s wall=60s
[abl_onlyxover] rcdp208 seed=1: M=3 D=828.14 gap=0.0 TIE t_best=54.1s wall=60s
[abl_onlyxover] rcdp208 seed=2: M=3 D=828.14 gap=0.0 TIE t_best=15.4s wall=60s
[abl_onlyxover] rcdp208 seed=3: M=3 D=828.14 gap=0.0 TIE t_best=25.6s wall=60s
[abl_onlyxover] rcdp208 seed=4: M=3 D=828.71 gap=0.0083 worse t_best=10.3s wall=60s
[abl_onlyxover] rcdp208 seed=5: M=3 D=828.14 gap=0.0 TIE t_best=41.5s wall=60s
[abl_onlyxover] rdp209 seed=1: M=3 D=909.16 gap=0.0 TIE t_best=11.0s wall=60s
[abl_onlyxover] rdp209 seed=2: M=3 D=909.16 gap=0.0 TIE t_best=18.5s wall=60s
[abl_onlyxover] rdp209 seed=3: M=3 D=909.16 gap=0.0 TIE t_best=14.6s wall=60s
[abl_onlyxover] rdp209 seed=4: M=3 D=909.16 gap=0.0 TIE t_best=20.1s wall=60s
[abl_onlyxover] rdp209 seed=5: M=3 D=909.16 gap=0.0 TIE t_best=7.4s wall=60s
RUN C:\ProgramData\anaconda3\envs\Env_NN_GPU\python.exe C:\Users\Admin\source\repos\vrpspdtw-gpu\scripts\..\scripts\campaign.py --algo copts --seeds 1 2 3 4 5 --time 60.0 --tag abl_noends --params {"stall_epochs": 20, "ends_len": 0} --inst rdp211 rdp203 rdp112 rcdp107 rcdp208 rdp209
C:\Users\Admin\AppData\Roaming\Python\Python310\site-packages\cupy\_environment.py:286: UserWarning: CUDA path could not be detected. Set CUDA_PATH environment variable if CuPy fails to load.
  warnings.warn(
[abl_noends] rdp211 seed=1: M=2 D=890.93 gap=0.1069 worse t_best=37.4s wall=60s
[abl_noends] rdp211 seed=2: M=2 D=898.23 gap=0.2562 worse t_best=53.4s wall=60s
[abl_noends] rdp211 seed=3: M=2 D=891.89 gap=0.1265 worse t_best=41.5s wall=60s
[abl_noends] rdp211 seed=4: M=2 D=899.97 gap=0.2918 worse t_best=60.2s wall=60s
[abl_noends] rdp211 seed=5: M=2 D=899.20 gap=0.2762 worse t_best=34.5s wall=60s
[abl_noends] rdp203 seed=1: M=3 D=939.58 gap=0.0011 worse t_best=36.6s wall=60s
[abl_noends] rdp203 seed=2: M=3 D=939.50 gap=-0.0 TIE t_best=16.5s wall=60s
[abl_noends] rdp203 seed=3: M=3 D=940.17 gap=0.0096 worse t_best=36.8s wall=60s
[abl_noends] rdp203 seed=4: M=3 D=939.58 gap=0.0011 worse t_best=36.7s wall=60s
[abl_noends] rdp203 seed=5: M=3 D=939.50 gap=-0.0 TIE t_best=8.2s wall=60s
[abl_noends] rdp112 seed=1: M=9 D=999.81 gap=0.0134 worse t_best=24.0s wall=60s
[abl_noends] rdp112 seed=2: M=9 D=999.94 gap=0.0141 worse t_best=18.6s wall=60s
[abl_noends] rdp112 seed=3: M=9 D=999.44 gap=0.0114 worse t_best=45.2s wall=60s
[abl_noends] rdp112 seed=4: M=9 D=999.44 gap=0.0114 worse t_best=16.1s wall=60s
[abl_noends] rdp112 seed=5: M=9 D=999.81 gap=0.0134 worse t_best=41.3s wall=60s
[abl_noends] rcdp107 seed=1: M=11 D=1252.79 gap=-0.0 TIE t_best=11.5s wall=60s
[abl_noends] rcdp107 seed=2: M=11 D=1252.79 gap=-0.0 TIE t_best=25.8s wall=60s
[abl_noends] rcdp107 seed=3: M=11 D=1252.79 gap=-0.0 TIE t_best=53.7s wall=60s
[abl_noends] rcdp107 seed=4: M=11 D=1255.06 gap=0.0098 worse t_best=28.9s wall=60s
[abl_noends] rcdp107 seed=5: M=11 D=1252.79 gap=-0.0 TIE t_best=22.2s wall=60s
[abl_noends] rcdp208 seed=1: M=3 D=828.71 gap=0.0083 worse t_best=20.0s wall=60s
[abl_noends] rcdp208 seed=2: M=3 D=828.14 gap=0.0 TIE t_best=22.5s wall=60s
[abl_noends] rcdp208 seed=3: M=3 D=828.71 gap=0.0083 worse t_best=52.3s wall=60s
[abl_noends] rcdp208 seed=4: M=3 D=828.71 gap=0.0083 worse t_best=17.5s wall=60s
[abl_noends] rcdp208 seed=5: M=3 D=828.71 gap=0.0083 worse t_best=20.1s wall=60s
[abl_noends] rdp209 seed=1: M=3 D=909.16 gap=0.0 TIE t_best=45.8s wall=60s
[abl_noends] rdp209 seed=2: M=3 D=909.16 gap=0.0 TIE t_best=39.2s wall=60s
[abl_noends] rdp209 seed=3: M=3 D=909.16 gap=0.0 TIE t_best=47.3s wall=60s
[abl_noends] rdp209 seed=4: M=3 D=909.16 gap=0.0 TIE t_best=39.1s wall=60s
[abl_noends] rdp209 seed=5: M=3 D=909.16 gap=0.0 TIE t_best=54.7s wall=60s
RUN C:\ProgramData\anaconda3\envs\Env_NN_GPU\python.exe C:\Users\Admin\source\repos\vrpspdtw-gpu\scripts\..\scripts\campaign.py --algo copts --seeds 1 2 3 4 5 --time 60.0 --tag abl_nonoise --params {"stall_epochs": 20, "noise": 0.0} --inst rdp211 rdp203 rdp112 rcdp107 rcdp208 rdp209
C:\Users\Admin\AppData\Roaming\Python\Python310\site-packages\cupy\_environment.py:286: UserWarning: CUDA path could not be detected. Set CUDA_PATH environment variable if CuPy fails to load.
  warnings.warn(
[abl_nonoise] rdp211 seed=1: M=2 D=892.72 gap=0.1435 worse t_best=8.0s wall=60s
[abl_nonoise] rdp211 seed=2: M=2 D=898.15 gap=0.2546 worse t_best=59.3s wall=60s
[abl_nonoise] rdp211 seed=3: M=2 D=893.14 gap=0.1521 worse t_best=27.0s wall=60s
[abl_nonoise] rdp211 seed=4: M=2 D=899.97 gap=0.2918 worse t_best=38.3s wall=60s
[abl_nonoise] rdp211 seed=5: M=2 D=898.15 gap=0.2546 worse t_best=48.9s wall=60s
[abl_nonoise] rdp203 seed=1: M=3 D=941.08 gap=0.0228 worse t_best=13.0s wall=60s
[abl_nonoise] rdp203 seed=2: M=3 D=939.50 gap=-0.0 TIE t_best=15.2s wall=60s
[abl_nonoise] rdp203 seed=3: M=3 D=939.50 gap=-0.0 TIE t_best=38.8s wall=60s
[abl_nonoise] rdp203 seed=4: M=3 D=941.08 gap=0.0228 worse t_best=17.3s wall=60s
[abl_nonoise] rdp203 seed=5: M=3 D=939.50 gap=-0.0 TIE t_best=28.1s wall=60s
[abl_nonoise] rdp112 seed=1: M=9 D=999.44 gap=0.0114 worse t_best=5.7s wall=60s
[abl_nonoise] rdp112 seed=2: M=9 D=999.44 gap=0.0114 worse t_best=17.2s wall=60s
[abl_nonoise] rdp112 seed=3: M=9 D=999.44 gap=0.0114 worse t_best=24.2s wall=60s
[abl_nonoise] rdp112 seed=4: M=9 D=997.26 gap=0.0 TIE t_best=44.7s wall=60s
[abl_nonoise] rdp112 seed=5: M=9 D=999.44 gap=0.0114 worse t_best=24.5s wall=60s
[abl_nonoise] rcdp107 seed=1: M=11 D=1252.79 gap=-0.0 TIE t_best=7.4s wall=60s
[abl_nonoise] rcdp107 seed=2: M=11 D=1255.06 gap=0.0098 worse t_best=8.5s wall=60s
[abl_nonoise] rcdp107 seed=3: M=11 D=1255.06 gap=0.0098 worse t_best=12.8s wall=60s
[abl_nonoise] rcdp107 seed=4: M=11 D=1255.06 gap=0.0098 worse t_best=29.5s wall=60s
[abl_nonoise] rcdp107 seed=5: M=11 D=1252.79 gap=-0.0 TIE t_best=18.0s wall=60s
[abl_nonoise] rcdp208 seed=1: M=3 D=828.14 gap=0.0 TIE t_best=23.2s wall=60s
[abl_nonoise] rcdp208 seed=2: M=3 D=828.71 gap=0.0083 worse t_best=43.6s wall=60s
[abl_nonoise] rcdp208 seed=3: M=3 D=828.71 gap=0.0083 worse t_best=7.6s wall=60s
[abl_nonoise] rcdp208 seed=4: M=3 D=828.14 gap=0.0 TIE t_best=10.3s wall=60s
[abl_nonoise] rcdp208 seed=5: M=3 D=828.14 gap=0.0 TIE t_best=20.6s wall=60s
[abl_nonoise] rdp209 seed=1: M=3 D=909.16 gap=0.0 TIE t_best=22.1s wall=60s
[abl_nonoise] rdp209 seed=2: M=3 D=909.16 gap=0.0 TIE t_best=14.6s wall=60s
[abl_nonoise] rdp209 seed=3: M=3 D=909.16 gap=0.0 TIE t_best=45.7s wall=60s
[abl_nonoise] rdp209 seed=4: M=3 D=909.16 gap=0.0 TIE t_best=16.5s wall=60s
[abl_nonoise] rdp209 seed=5: M=3 D=909.16 gap=0.0 TIE t_best=12.8s wall=60s
RUN C:\ProgramData\anaconda3\envs\Env_NN_GPU\python.exe C:\Users\Admin\source\repos\vrpspdtw-gpu\scripts\..\scripts\campaign.py --algo copts --seeds 1 2 3 4 5 --time 60.0 --tag abl_singlereg --params {"stall_epochs": 20, "regimes": [[1.0, 2.0, 1.0, 10000.0]]} --inst rdp211 rdp203 rdp112 rcdp107 rcdp208 rdp209
C:\Users\Admin\AppData\Roaming\Python\Python310\site-packages\cupy\_environment.py:286: UserWarning: CUDA path could not be detected. Set CUDA_PATH environment variable if CuPy fails to load.
  warnings.warn(
[abl_singlereg] rdp211 seed=1: M=2 D=898.15 gap=0.2546 worse t_best=19.2s wall=60s
[abl_singlereg] rdp211 seed=2: M=2 D=898.15 gap=0.2546 worse t_best=35.4s wall=60s
[abl_singlereg] rdp211 seed=3: M=2 D=898.15 gap=0.2546 worse t_best=46.1s wall=60s
[abl_singlereg] rdp211 seed=4: M=2 D=900.04 gap=0.2933 worse t_best=57.2s wall=60s
[abl_singlereg] rdp211 seed=5: M=2 D=898.06 gap=0.2528 worse t_best=2.7s wall=60s
[abl_singlereg] rdp203 seed=1: M=3 D=941.62 gap=0.0306 worse t_best=13.6s wall=60s
[abl_singlereg] rdp203 seed=2: M=3 D=939.50 gap=-0.0 TIE t_best=20.1s wall=60s
[abl_singlereg] rdp203 seed=3: M=3 D=941.62 gap=0.0306 worse t_best=13.5s wall=60s
[abl_singlereg] rdp203 seed=4: M=3 D=941.62 gap=0.0306 worse t_best=6.9s wall=60s
[abl_singlereg] rdp203 seed=5: M=3 D=941.62 gap=0.0306 worse t_best=15.7s wall=60s
[abl_singlereg] rdp112 seed=1: M=9 D=999.44 gap=0.0114 worse t_best=49.1s wall=60s
[abl_singlereg] rdp112 seed=2: M=9 D=999.44 gap=0.0114 worse t_best=21.8s wall=60s
[abl_singlereg] rdp112 seed=3: M=9 D=999.44 gap=0.0114 worse t_best=21.7s wall=60s
[abl_singlereg] rdp112 seed=4: M=9 D=999.44 gap=0.0114 worse t_best=18.8s wall=60s
[abl_singlereg] rdp112 seed=5: M=9 D=1001.00 gap=0.0197 worse t_best=58.9s wall=60s
[abl_singlereg] rcdp107 seed=1: M=11 D=1252.79 gap=-0.0 TIE t_best=42.5s wall=60s
[abl_singlereg] rcdp107 seed=2: M=11 D=1252.79 gap=-0.0 TIE t_best=45.6s wall=60s
[abl_singlereg] rcdp107 seed=3: M=11 D=1252.79 gap=-0.0 TIE t_best=11.6s wall=60s
[abl_singlereg] rcdp107 seed=4: M=11 D=1255.06 gap=0.0098 worse t_best=12.6s wall=60s
[abl_singlereg] rcdp107 seed=5: M=11 D=1255.06 gap=0.0098 worse t_best=24.0s wall=60s
[abl_singlereg] rcdp208 seed=1: M=3 D=828.71 gap=0.0083 worse t_best=18.7s wall=60s
[abl_singlereg] rcdp208 seed=2: M=3 D=828.14 gap=0.0 TIE t_best=42.1s wall=60s
[abl_singlereg] rcdp208 seed=3: M=3 D=828.71 gap=0.0083 worse t_best=21.2s wall=60s
[abl_singlereg] rcdp208 seed=4: M=3 D=828.88 gap=0.0108 worse t_best=60.4s wall=60s
[abl_singlereg] rcdp208 seed=5: M=3 D=828.71 gap=0.0083 worse t_best=37.0s wall=60s
[abl_singlereg] rdp209 seed=1: M=3 D=910.20 gap=0.0149 worse t_best=11.2s wall=60s
[abl_singlereg] rdp209 seed=2: M=3 D=910.55 gap=0.0201 worse t_best=13.1s wall=60s
[abl_singlereg] rdp209 seed=3: M=3 D=909.16 gap=0.0 TIE t_best=25.9s wall=60s
[abl_singlereg] rdp209 seed=4: M=3 D=909.16 gap=0.0 TIE t_best=5.7s wall=60s
[abl_singlereg] rdp209 seed=5: M=3 D=910.20 gap=0.0149 worse t_best=43.6s wall=60s
RUN C:\ProgramData\anaconda3\envs\Env_NN_GPU\python.exe C:\Users\Admin\source\repos\vrpspdtw-gpu\scripts\..\scripts\campaign.py --algo copts --seeds 1 2 3 4 5 --time 60.0 --tag abl_norestart --params {"stall_epochs": 0} --inst rdp211 rdp203 rdp112 rcdp107 rcdp208 rdp209
C:\Users\Admin\AppData\Roaming\Python\Python310\site-packages\cupy\_environment.py:286: UserWarning: CUDA path could not be detected. Set CUDA_PATH environment variable if CuPy fails to load.
  warnings.warn(
[abl_norestart] rdp211 seed=1: M=2 D=890.93 gap=0.1069 worse t_best=42.5s wall=61s
[abl_norestart] rdp211 seed=2: M=2 D=899.97 gap=0.2918 worse t_best=60.1s wall=60s
[abl_norestart] rdp211 seed=3: M=2 D=898.15 gap=0.2546 worse t_best=10.7s wall=60s
[abl_norestart] rdp211 seed=4: M=2 D=892.99 gap=0.149 worse t_best=44.3s wall=60s
[abl_norestart] rdp211 seed=5: M=2 D=893.14 gap=0.1521 worse t_best=16.2s wall=60s
[abl_norestart] rdp203 seed=1: M=3 D=939.88 gap=0.0055 worse t_best=57.8s wall=60s
[abl_norestart] rdp203 seed=2: M=3 D=939.50 gap=-0.0 TIE t_best=8.8s wall=60s
[abl_norestart] rdp203 seed=3: M=3 D=941.08 gap=0.0228 worse t_best=6.5s wall=60s
[abl_norestart] rdp203 seed=4: M=3 D=939.50 gap=-0.0 TIE t_best=40.8s wall=60s
[abl_norestart] rdp203 seed=5: M=3 D=939.58 gap=0.0011 worse t_best=60.3s wall=60s
[abl_norestart] rdp112 seed=1: M=9 D=997.26 gap=0.0 TIE t_best=52.9s wall=60s
[abl_norestart] rdp112 seed=2: M=9 D=999.44 gap=0.0114 worse t_best=18.7s wall=60s
[abl_norestart] rdp112 seed=3: M=9 D=999.44 gap=0.0115 worse t_best=47.1s wall=60s
[abl_norestart] rdp112 seed=4: M=9 D=999.44 gap=0.0114 worse t_best=27.4s wall=60s
[abl_norestart] rdp112 seed=5: M=9 D=999.44 gap=0.0114 worse t_best=40.4s wall=60s
[abl_norestart] rcdp107 seed=1: M=11 D=1252.79 gap=-0.0 TIE t_best=52.5s wall=60s
[abl_norestart] rcdp107 seed=2: M=11 D=1252.79 gap=-0.0 TIE t_best=21.2s wall=60s
[abl_norestart] rcdp107 seed=3: M=11 D=1252.79 gap=-0.0 TIE t_best=15.9s wall=60s
[abl_norestart] rcdp107 seed=4: M=11 D=1252.79 gap=-0.0 TIE t_best=15.9s wall=60s
[abl_norestart] rcdp107 seed=5: M=11 D=1255.06 gap=0.0098 worse t_best=5.3s wall=60s
[abl_norestart] rcdp208 seed=1: M=3 D=828.14 gap=0.0 TIE t_best=46.2s wall=60s
[abl_norestart] rcdp208 seed=2: M=3 D=828.71 gap=0.0083 worse t_best=20.6s wall=60s
[abl_norestart] rcdp208 seed=3: M=3 D=828.14 gap=0.0 TIE t_best=23.0s wall=60s
[abl_norestart] rcdp208 seed=4: M=3 D=828.71 gap=0.0083 worse t_best=5.1s wall=60s
[abl_norestart] rcdp208 seed=5: M=3 D=828.14 gap=0.0 TIE t_best=10.4s wall=60s
[abl_norestart] rdp209 seed=1: M=3 D=909.16 gap=0.0 TIE t_best=23.7s wall=60s
[abl_norestart] rdp209 seed=2: M=3 D=909.16 gap=0.0 TIE t_best=18.3s wall=60s
[abl_norestart] rdp209 seed=3: M=3 D=909.16 gap=0.0 TIE t_best=38.2s wall=60s
[abl_norestart] rdp209 seed=4: M=3 D=909.16 gap=0.0 TIE t_best=42.0s wall=60s
[abl_norestart] rdp209 seed=5: M=3 D=909.16 gap=0.0 TIE t_best=9.2s wall=60s
