RUN C:\ProgramData\anaconda3\envs\Env_NN_GPU\python.exe C:\Users\Admin\source\repos\vrpspdtw-gpu\scripts\..\scripts\campaign.py --algo copts --seeds 1 2 3 4 5 --time 60.0 --tag ablwc_base --params {"stall_epochs": 20, "arc_rule": "safe", "nbr_compat": true, "restart_mode": "full", "rec_mode": "adaptive", "rec_patience": 2} --inst Rdp112 Rdp203 Rdp209 Rdp211 RCdp107 RCdp208
C:\Users\Admin\AppData\Roaming\Python\Python310\site-packages\cupy\_environment.py:286: UserWarning: CUDA path could not be detected. Set CUDA_PATH environment variable if CuPy fails to load.
  warnings.warn(
[ablwc_base] Rdp112 seed=1: M=9 D=998.22 gap=  t_best=32.6s wall=60s
[ablwc_base] Rdp112 seed=2: M=9 D=999.44 gap=  t_best=18.4s wall=60s
[ablwc_base] Rdp112 seed=3: M=9 D=999.44 gap=  t_best=46.8s wall=60s
[ablwc_base] Rdp112 seed=4: M=9 D=999.44 gap=  t_best=27.1s wall=60s
[ablwc_base] Rdp112 seed=5: M=9 D=999.44 gap=  t_best=40.0s wall=60s
[ablwc_base] Rdp203 seed=1: M=3 D=939.88 gap=  t_best=57.7s wall=60s
[ablwc_base] Rdp203 seed=2: M=3 D=939.50 gap=  t_best=8.7s wall=60s
[ablwc_base] Rdp203 seed=3: M=3 D=939.58 gap=  t_best=53.3s wall=60s
[ablwc_base] Rdp203 seed=4: M=3 D=939.50 gap=  t_best=40.6s wall=60s
[ablwc_base] Rdp203 seed=5: M=3 D=939.58 gap=  t_best=60.0s wall=60s
[ablwc_base] Rdp209 seed=1: M=3 D=909.16 gap=  t_best=23.6s wall=60s
[ablwc_base] Rdp209 seed=2: M=3 D=909.16 gap=  t_best=18.2s wall=60s
[ablwc_base] Rdp209 seed=3: M=3 D=909.16 gap=  t_best=38.0s wall=60s
[ablwc_base] Rdp209 seed=4: M=3 D=909.16 gap=  t_best=41.8s wall=60s
[ablwc_base] Rdp209 seed=5: M=3 D=909.16 gap=  t_best=9.2s wall=60s
[ablwc_base] Rdp211 seed=1: M=2 D=890.93 gap=  t_best=42.5s wall=60s
[ablwc_base] Rdp211 seed=2: M=2 D=899.97 gap=  t_best=60.3s wall=60s
[ablwc_base] Rdp211 seed=3: M=2 D=898.15 gap=  t_best=10.6s wall=60s
[ablwc_base] Rdp211 seed=4: M=2 D=892.99 gap=  t_best=44.1s wall=60s
[ablwc_base] Rdp211 seed=5: M=2 D=893.14 gap=  t_best=16.1s wall=60s
[ablwc_base] RCdp107 seed=1: M=11 D=1252.79 gap=  t_best=8.3s wall=60s
[ablwc_base] RCdp107 seed=2: M=11 D=1252.79 gap=  t_best=9.4s wall=60s
[ablwc_base] RCdp107 seed=3: M=11 D=1255.06 gap=  t_best=7.3s wall=60s
[ablwc_base] RCdp107 seed=4: M=11 D=1255.06 gap=  t_best=13.7s wall=60s
[ablwc_base] RCdp107 seed=5: M=11 D=1255.06 gap=  t_best=9.4s wall=60s
[ablwc_base] RCdp208 seed=1: M=3 D=828.14 gap=  t_best=46.0s wall=60s
[ablwc_base] RCdp208 seed=2: M=3 D=828.71 gap=  t_best=20.5s wall=60s
[ablwc_base] RCdp208 seed=3: M=3 D=828.14 gap=  t_best=22.9s wall=60s
[ablwc_base] RCdp208 seed=4: M=3 D=828.71 gap=  t_best=5.2s wall=60s
[ablwc_base] RCdp208 seed=5: M=3 D=828.14 gap=  t_best=10.3s wall=60s
RUN C:\ProgramData\anaconda3\envs\Env_NN_GPU\python.exe C:\Users\Admin\source\repos\vrpspdtw-gpu\scripts\..\scripts\campaign.py --algo copts --seeds 1 2 3 4 5 --time 60.0 --tag ablwc_nocoop --params {"stall_epochs": 20, "arc_rule": "safe", "nbr_compat": true, "restart_mode": "full", "rec_mode": "adaptive", "rec_patience": 2, "rho": 0.0, "dedup": false} --inst Rdp112 Rdp203 Rdp209 Rdp211 RCdp107 RCdp208
C:\Users\Admin\AppData\Roaming\Python\Python310\site-packages\cupy\_environment.py:286: UserWarning: CUDA path could not be detected. Set CUDA_PATH environment variable if CuPy fails to load.
  warnings.warn(
[ablwc_nocoop] Rdp112 seed=1: M=9 D=997.26 gap=  t_best=54.3s wall=60s
[ablwc_nocoop] Rdp112 seed=2: M=9 D=999.81 gap=  t_best=22.7s wall=60s
[ablwc_nocoop] Rdp112 seed=3: M=9 D=1003.24 gap=  t_best=35.9s wall=60s
[ablwc_nocoop] Rdp112 seed=4: M=9 D=1000.32 gap=  t_best=22.6s wall=60s
[ablwc_nocoop] Rdp112 seed=5: M=9 D=1003.79 gap=  t_best=22.9s wall=60s
[ablwc_nocoop] Rdp203 seed=1: M=3 D=939.58 gap=  t_best=16.9s wall=60s
[ablwc_nocoop] Rdp203 seed=2: M=3 D=942.13 gap=  t_best=23.4s wall=60s
[ablwc_nocoop] Rdp203 seed=3: M=3 D=942.33 gap=  t_best=46.0s wall=60s
[ablwc_nocoop] Rdp203 seed=4: M=3 D=942.13 gap=  t_best=57.0s wall=60s
[ablwc_nocoop] Rdp203 seed=5: M=3 D=941.72 gap=  t_best=15.0s wall=60s
[ablwc_nocoop] Rdp209 seed=1: M=3 D=914.12 gap=  t_best=58.4s wall=60s
[ablwc_nocoop] Rdp209 seed=2: M=3 D=915.16 gap=  t_best=19.2s wall=60s
[ablwc_nocoop] Rdp209 seed=3: M=3 D=915.44 gap=  t_best=35.4s wall=60s
[ablwc_nocoop] Rdp209 seed=4: M=3 D=915.16 gap=  t_best=12.3s wall=60s
[ablwc_nocoop] Rdp209 seed=5: M=3 D=911.76 gap=  t_best=1.8s wall=60s
[ablwc_nocoop] Rdp211 seed=1: M=2 D=893.14 gap=  t_best=46.0s wall=60s
[ablwc_nocoop] Rdp211 seed=2: M=2 D=900.18 gap=  t_best=23.4s wall=60s
[ablwc_nocoop] Rdp211 seed=3: M=2 D=903.29 gap=  t_best=25.7s wall=60s
[ablwc_nocoop] Rdp211 seed=4: M=2 D=897.99 gap=  t_best=31.0s wall=60s
[ablwc_nocoop] Rdp211 seed=5: M=2 D=898.06 gap=  t_best=2.6s wall=60s
[ablwc_nocoop] RCdp107 seed=1: M=11 D=1262.48 gap=  t_best=44.0s wall=60s
[ablwc_nocoop] RCdp107 seed=2: M=11 D=1255.72 gap=  t_best=59.6s wall=60s
[ablwc_nocoop] RCdp107 seed=3: M=11 D=1260.64 gap=  t_best=47.8s wall=60s
[ablwc_nocoop] RCdp107 seed=4: M=11 D=1261.30 gap=  t_best=28.4s wall=60s
[ablwc_nocoop] RCdp107 seed=5: M=11 D=1262.71 gap=  t_best=58.6s wall=60s
[ablwc_nocoop] RCdp208 seed=1: M=3 D=829.69 gap=  t_best=5.1s wall=60s
[ablwc_nocoop] RCdp208 seed=2: M=3 D=829.69 gap=  t_best=29.6s wall=60s
[ablwc_nocoop] RCdp208 seed=3: M=3 D=829.69 gap=  t_best=12.3s wall=60s
[ablwc_nocoop] RCdp208 seed=4: M=3 D=830.86 gap=  t_best=34.6s wall=60s
[ablwc_nocoop] RCdp208 seed=5: M=3 D=829.69 gap=  t_best=39.7s wall=60s
RUN C:\ProgramData\anaconda3\envs\Env_NN_GPU\python.exe C:\Users\Admin\source\repos\vrpspdtw-gpu\scripts\..\scripts\campaign.py --algo copts --seeds 1 2 3 4 5 --time 60.0 --tag ablwc_noxover --params {"stall_epochs": 20, "arc_rule": "safe", "nbr_compat": true, "restart_mode": "full", "rec_mode": "adaptive", "rec_patience": 2, "p_cross": 0.0} --inst Rdp112 Rdp203 Rdp209 Rdp211 RCdp107 RCdp208
C:\Users\Admin\AppData\Roaming\Python\Python310\site-packages\cupy\_environment.py:286: UserWarning: CUDA path could not be detected. Set CUDA_PATH environment variable if CuPy fails to load.
  warnings.warn(
[ablwc_noxover] Rdp112 seed=1: M=9 D=998.22 gap=  t_best=32.6s wall=60s
[ablwc_noxover] Rdp112 seed=2: M=9 D=1001.00 gap=  t_best=35.4s wall=60s
[ablwc_noxover] Rdp112 seed=3: M=9 D=999.44 gap=  t_best=31.1s wall=60s
[ablwc_noxover] Rdp112 seed=4: M=9 D=999.44 gap=  t_best=56.7s wall=60s
[ablwc_noxover] Rdp112 seed=5: M=9 D=999.95 gap=  t_best=21.4s wall=60s
[ablwc_noxover] Rdp203 seed=1: M=3 D=941.62 gap=  t_best=8.6s wall=60s
[ablwc_noxover] Rdp203 seed=2: M=3 D=939.64 gap=  t_best=54.2s wall=60s
[ablwc_noxover] Rdp203 seed=3: M=3 D=941.62 gap=  t_best=15.1s wall=60s
[ablwc_noxover] Rdp203 seed=4: M=3 D=941.62 gap=  t_best=32.5s wall=60s
[ablwc_noxover] Rdp203 seed=5: M=3 D=941.62 gap=  t_best=6.6s wall=60s
[ablwc_noxover] Rdp209 seed=1: M=3 D=909.66 gap=  t_best=19.8s wall=60s
[ablwc_noxover] Rdp209 seed=2: M=3 D=909.66 gap=  t_best=51.6s wall=60s
[ablwc_noxover] Rdp209 seed=3: M=3 D=910.55 gap=  t_best=29.9s wall=60s
[ablwc_noxover] Rdp209 seed=4: M=3 D=909.16 gap=  t_best=59.2s wall=60s
[ablwc_noxover] Rdp209 seed=5: M=3 D=909.66 gap=  t_best=16.2s wall=60s
[ablwc_noxover] Rdp211 seed=1: M=2 D=893.14 gap=  t_best=47.4s wall=60s
[ablwc_noxover] Rdp211 seed=2: M=2 D=898.03 gap=  t_best=34.6s wall=60s
[ablwc_noxover] Rdp211 seed=3: M=2 D=901.49 gap=  t_best=44.8s wall=60s
[ablwc_noxover] Rdp211 seed=4: M=2 D=900.12 gap=  t_best=48.0s wall=60s
[ablwc_noxover] Rdp211 seed=5: M=2 D=898.06 gap=  t_best=2.6s wall=60s
[ablwc_noxover] RCdp107 seed=1: M=11 D=1255.06 gap=  t_best=25.1s wall=60s
[ablwc_noxover] RCdp107 seed=2: M=11 D=1255.06 gap=  t_best=13.6s wall=60s
[ablwc_noxover] RCdp107 seed=3: M=11 D=1255.06 gap=  t_best=53.0s wall=60s
[ablwc_noxover] RCdp107 seed=4: M=11 D=1253.45 gap=  t_best=52.3s wall=60s
[ablwc_noxover] RCdp107 seed=5: M=11 D=1255.72 gap=  t_best=13.6s wall=60s
[ablwc_noxover] RCdp208 seed=1: M=3 D=828.14 gap=  t_best=48.6s wall=60s
[ablwc_noxover] RCdp208 seed=2: M=3 D=828.14 gap=  t_best=33.0s wall=60s
[ablwc_noxover] RCdp208 seed=3: M=3 D=828.71 gap=  t_best=50.6s wall=60s
[ablwc_noxover] RCdp208 seed=4: M=3 D=828.14 gap=  t_best=25.5s wall=60s
[ablwc_noxover] RCdp208 seed=5: M=3 D=828.71 gap=  t_best=20.5s wall=60s
RUN C:\ProgramData\anaconda3\envs\Env_NN_GPU\python.exe C:\Users\Admin\source\repos\vrpspdtw-gpu\scripts\..\scripts\campaign.py --algo copts --seeds 1 2 3 4 5 --time 60.0 --tag ablwc_onlyxover --params {"stall_epochs": 20, "arc_rule": "safe", "nbr_compat": true, "restart_mode": "full", "rec_mode": "adaptive", "rec_patience": 2, "p_cross": 1.0} --inst Rdp112 Rdp203 Rdp209 Rdp211 RCdp107 RCdp208
C:\Users\Admin\AppData\Roaming\Python\Python310\site-packages\cupy\_environment.py:286: UserWarning: CUDA path could not be detected. Set CUDA_PATH environment variable if CuPy fails to load.
  warnings.warn(
[ablwc_onlyxover] Rdp112 seed=1: M=9 D=1001.00 gap=  t_best=23.0s wall=60s
[ablwc_onlyxover] Rdp112 seed=2: M=9 D=999.44 gap=  t_best=53.4s wall=60s
[ablwc_onlyxover] Rdp112 seed=3: M=9 D=999.44 gap=  t_best=37.5s wall=60s
[ablwc_onlyxover] Rdp112 seed=4: M=9 D=999.44 gap=  t_best=14.3s wall=60s
[ablwc_onlyxover] Rdp112 seed=5: M=9 D=999.44 gap=  t_best=55.7s wall=60s
[ablwc_onlyxover] Rdp203 seed=1: M=3 D=941.08 gap=  t_best=10.7s wall=60s
[ablwc_onlyxover] Rdp203 seed=2: M=3 D=941.08 gap=  t_best=12.9s wall=60s
[ablwc_onlyxover] Rdp203 seed=3: M=3 D=941.08 gap=  t_best=6.4s wall=60s
[ablwc_onlyxover] Rdp203 seed=4: M=3 D=939.50 gap=  t_best=47.0s wall=60s
[ablwc_onlyxover] Rdp203 seed=5: M=3 D=939.58 gap=  t_best=58.6s wall=60s
[ablwc_onlyxover] Rdp209 seed=1: M=3 D=909.16 gap=  t_best=60.0s wall=60s
[ablwc_onlyxover] Rdp209 seed=2: M=3 D=909.16 gap=  t_best=18.4s wall=60s
[ablwc_onlyxover] Rdp209 seed=3: M=3 D=909.16 gap=  t_best=14.5s wall=60s
[ablwc_onlyxover] Rdp209 seed=4: M=3 D=909.16 gap=  t_best=20.1s wall=60s
[ablwc_onlyxover] Rdp209 seed=5: M=3 D=909.16 gap=  t_best=54.0s wall=60s
[ablwc_onlyxover] Rdp211 seed=1: M=2 D=893.14 gap=  t_best=47.9s wall=60s
[ablwc_onlyxover] Rdp211 seed=2: M=2 D=898.15 gap=  t_best=46.0s wall=60s
[ablwc_onlyxover] Rdp211 seed=3: M=2 D=898.15 gap=  t_best=21.3s wall=60s
[ablwc_onlyxover] Rdp211 seed=4: M=2 D=900.18 gap=  t_best=30.2s wall=60s
[ablwc_onlyxover] Rdp211 seed=5: M=2 D=892.99 gap=  t_best=32.8s wall=60s
[ablwc_onlyxover] RCdp107 seed=1: M=11 D=1252.79 gap=  t_best=31.6s wall=60s
[ablwc_onlyxover] RCdp107 seed=2: M=11 D=1252.79 gap=  t_best=14.7s wall=60s
[ablwc_onlyxover] RCdp107 seed=3: M=11 D=1252.79 gap=  t_best=39.8s wall=60s
[ablwc_onlyxover] RCdp107 seed=4: M=11 D=1252.79 gap=  t_best=17.9s wall=60s
[ablwc_onlyxover] RCdp107 seed=5: M=11 D=1252.79 gap=  t_best=33.7s wall=60s
[ablwc_onlyxover] RCdp208 seed=1: M=3 D=828.14 gap=  t_best=53.8s wall=60s
[ablwc_onlyxover] RCdp208 seed=2: M=3 D=828.14 gap=  t_best=15.4s wall=60s
[ablwc_onlyxover] RCdp208 seed=3: M=3 D=828.14 gap=  t_best=25.6s wall=60s
[ablwc_onlyxover] RCdp208 seed=4: M=3 D=828.71 gap=  t_best=10.3s wall=60s
[ablwc_onlyxover] RCdp208 seed=5: M=3 D=828.14 gap=  t_best=41.3s wall=60s
RUN C:\ProgramData\anaconda3\envs\Env_NN_GPU\python.exe C:\Users\Admin\source\repos\vrpspdtw-gpu\scripts\..\scripts\campaign.py --algo copts --seeds 1 2 3 4 5 --time 60.0 --tag ablwc_noends --params {"stall_epochs": 20, "arc_rule": "safe", "nbr_compat": true, "restart_mode": "full", "rec_mode": "adaptive", "rec_patience": 2, "ends_len": 0} --inst Rdp112 Rdp203 Rdp209 Rdp211 RCdp107 RCdp208
C:\Users\Admin\AppData\Roaming\Python\Python310\site-packages\cupy\_environment.py:286: UserWarning: CUDA path could not be detected. Set CUDA_PATH environment variable if CuPy fails to load.
  warnings.warn(
[ablwc_noends] Rdp112 seed=1: M=9 D=999.81 gap=  t_best=23.7s wall=60s
[ablwc_noends] Rdp112 seed=2: M=9 D=999.69 gap=  t_best=59.6s wall=60s
[ablwc_noends] Rdp112 seed=3: M=9 D=999.44 gap=  t_best=44.8s wall=60s
[ablwc_noends] Rdp112 seed=4: M=9 D=999.44 gap=  t_best=15.9s wall=60s
[ablwc_noends] Rdp112 seed=5: M=9 D=999.81 gap=  t_best=40.9s wall=60s
[ablwc_noends] Rdp203 seed=1: M=3 D=939.58 gap=  t_best=36.5s wall=60s
[ablwc_noends] Rdp203 seed=2: M=3 D=939.50 gap=  t_best=16.3s wall=60s
[ablwc_noends] Rdp203 seed=3: M=3 D=940.17 gap=  t_best=36.6s wall=60s
[ablwc_noends] Rdp203 seed=4: M=3 D=939.58 gap=  t_best=36.5s wall=60s
[ablwc_noends] Rdp203 seed=5: M=3 D=939.50 gap=  t_best=8.2s wall=60s
[ablwc_noends] Rdp209 seed=1: M=3 D=909.16 gap=  t_best=45.4s wall=60s
[ablwc_noends] Rdp209 seed=2: M=3 D=909.16 gap=  t_best=38.8s wall=60s
[ablwc_noends] Rdp209 seed=3: M=3 D=909.16 gap=  t_best=47.1s wall=60s
[ablwc_noends] Rdp209 seed=4: M=3 D=909.16 gap=  t_best=39.0s wall=60s
[ablwc_noends] Rdp209 seed=5: M=3 D=909.16 gap=  t_best=49.2s wall=60s
[ablwc_noends] Rdp211 seed=1: M=2 D=890.93 gap=  t_best=37.3s wall=60s
[ablwc_noends] Rdp211 seed=2: M=2 D=898.23 gap=  t_best=53.3s wall=60s
[ablwc_noends] Rdp211 seed=3: M=2 D=891.89 gap=  t_best=41.3s wall=60s
[ablwc_noends] Rdp211 seed=4: M=2 D=899.97 gap=  t_best=60.0s wall=60s
[ablwc_noends] Rdp211 seed=5: M=2 D=899.20 gap=  t_best=34.3s wall=60s
[ablwc_noends] RCdp107 seed=1: M=11 D=1252.79 gap=  t_best=11.4s wall=60s
[ablwc_noends] RCdp107 seed=2: M=11 D=1252.79 gap=  t_best=25.5s wall=60s
[ablwc_noends] RCdp107 seed=3: M=11 D=1255.06 gap=  t_best=9.5s wall=60s
[ablwc_noends] RCdp107 seed=4: M=11 D=1255.06 gap=  t_best=28.6s wall=60s
[ablwc_noends] RCdp107 seed=5: M=11 D=1252.79 gap=  t_best=21.9s wall=60s
[ablwc_noends] RCdp208 seed=1: M=3 D=828.71 gap=  t_best=19.9s wall=60s
[ablwc_noends] RCdp208 seed=2: M=3 D=828.14 gap=  t_best=22.5s wall=60s
[ablwc_noends] RCdp208 seed=3: M=3 D=828.71 gap=  t_best=52.1s wall=60s
[ablwc_noends] RCdp208 seed=4: M=3 D=828.71 gap=  t_best=17.4s wall=60s
[ablwc_noends] RCdp208 seed=5: M=3 D=828.71 gap=  t_best=20.0s wall=60s
RUN C:\ProgramData\anaconda3\envs\Env_NN_GPU\python.exe C:\Users\Admin\source\repos\vrpspdtw-gpu\scripts\..\scripts\campaign.py --algo copts --seeds 1 2 3 4 5 --time 60.0 --tag ablwc_nonoise --params {"stall_epochs": 20, "arc_rule": "safe", "nbr_compat": true, "restart_mode": "full", "rec_mode": "adaptive", "rec_patience": 2, "noise": 0.0} --inst Rdp112 Rdp203 Rdp209 Rdp211 RCdp107 RCdp208
C:\Users\Admin\AppData\Roaming\Python\Python310\site-packages\cupy\_environment.py:286: UserWarning: CUDA path could not be detected. Set CUDA_PATH environment variable if CuPy fails to load.
  warnings.warn(
[ablwc_nonoise] Rdp112 seed=1: M=9 D=999.44 gap=  t_best=5.7s wall=60s
[ablwc_nonoise] Rdp112 seed=2: M=9 D=999.44 gap=  t_best=17.1s wall=60s
[ablwc_nonoise] Rdp112 seed=3: M=9 D=999.44 gap=  t_best=24.0s wall=60s
[ablwc_nonoise] Rdp112 seed=4: M=9 D=997.26 gap=  t_best=44.3s wall=60s
[ablwc_nonoise] Rdp112 seed=5: M=9 D=999.44 gap=  t_best=24.4s wall=60s
[ablwc_nonoise] Rdp203 seed=1: M=3 D=941.08 gap=  t_best=12.9s wall=60s
[ablwc_nonoise] Rdp203 seed=2: M=3 D=939.50 gap=  t_best=15.1s wall=60s
[ablwc_nonoise] Rdp203 seed=3: M=3 D=939.50 gap=  t_best=38.6s wall=60s
[ablwc_nonoise] Rdp203 seed=4: M=3 D=941.08 gap=  t_best=17.2s wall=60s
[ablwc_nonoise] Rdp203 seed=5: M=3 D=939.50 gap=  t_best=28.0s wall=60s
[ablwc_nonoise] Rdp209 seed=1: M=3 D=909.16 gap=  t_best=21.9s wall=60s
[ablwc_nonoise] Rdp209 seed=2: M=3 D=909.16 gap=  t_best=14.5s wall=60s
[ablwc_nonoise] Rdp209 seed=3: M=3 D=909.16 gap=  t_best=45.5s wall=60s
[ablwc_nonoise] Rdp209 seed=4: M=3 D=909.16 gap=  t_best=16.4s wall=60s
[ablwc_nonoise] Rdp209 seed=5: M=3 D=909.16 gap=  t_best=12.7s wall=60s
[ablwc_nonoise] Rdp211 seed=1: M=2 D=892.72 gap=  t_best=7.9s wall=60s
[ablwc_nonoise] Rdp211 seed=2: M=2 D=898.15 gap=  t_best=59.0s wall=60s
[ablwc_nonoise] Rdp211 seed=3: M=2 D=893.14 gap=  t_best=26.8s wall=60s
[ablwc_nonoise] Rdp211 seed=4: M=2 D=899.97 gap=  t_best=38.2s wall=60s
[ablwc_nonoise] Rdp211 seed=5: M=2 D=898.15 gap=  t_best=48.7s wall=60s
[ablwc_nonoise] RCdp107 seed=1: M=11 D=1255.06 gap=  t_best=9.4s wall=60s
[ablwc_nonoise] RCdp107 seed=2: M=11 D=1252.79 gap=  t_best=19.8s wall=60s
[ablwc_nonoise] RCdp107 seed=3: M=11 D=1255.06 gap=  t_best=10.5s wall=60s
[ablwc_nonoise] RCdp107 seed=4: M=11 D=1252.79 gap=  t_best=13.7s wall=60s
[ablwc_nonoise] RCdp107 seed=5: M=11 D=1252.79 gap=  t_best=39.8s wall=60s
[ablwc_nonoise] RCdp208 seed=1: M=3 D=828.14 gap=  t_best=23.1s wall=60s
[ablwc_nonoise] RCdp208 seed=2: M=3 D=828.71 gap=  t_best=43.4s wall=60s
[ablwc_nonoise] RCdp208 seed=3: M=3 D=828.71 gap=  t_best=7.6s wall=60s
[ablwc_nonoise] RCdp208 seed=4: M=3 D=828.14 gap=  t_best=10.2s wall=60s
[ablwc_nonoise] RCdp208 seed=5: M=3 D=828.14 gap=  t_best=20.5s wall=60s
RUN C:\ProgramData\anaconda3\envs\Env_NN_GPU\python.exe C:\Users\Admin\source\repos\vrpspdtw-gpu\scripts\..\scripts\campaign.py --algo copts --seeds 1 2 3 4 5 --time 60.0 --tag ablwc_singlereg --params {"stall_epochs": 20, "arc_rule": "safe", "nbr_compat": true, "restart_mode": "full", "rec_mode": "adaptive", "rec_patience": 2, "regimes": [[1.0, 2.0, 1.0, 10000.0]]} --inst Rdp112 Rdp203 Rdp209 Rdp211 RCdp107 RCdp208
C:\Users\Admin\AppData\Roaming\Python\Python310\site-packages\cupy\_environment.py:286: UserWarning: CUDA path could not be detected. Set CUDA_PATH environment variable if CuPy fails to load.
  warnings.warn(
[ablwc_singlereg] Rdp112 seed=1: M=9 D=999.44 gap=  t_best=20.1s wall=60s
[ablwc_singlereg] Rdp112 seed=2: M=9 D=999.44 gap=  t_best=21.6s wall=60s
[ablwc_singlereg] Rdp112 seed=3: M=9 D=999.44 gap=  t_best=21.5s wall=60s
[ablwc_singlereg] Rdp112 seed=4: M=9 D=999.44 gap=  t_best=18.6s wall=60s
[ablwc_singlereg] Rdp112 seed=5: M=9 D=1001.00 gap=  t_best=58.5s wall=60s
[ablwc_singlereg] Rdp203 seed=1: M=3 D=941.62 gap=  t_best=13.5s wall=60s
[ablwc_singlereg] Rdp203 seed=2: M=3 D=939.50 gap=  t_best=20.0s wall=60s
[ablwc_singlereg] Rdp203 seed=3: M=3 D=941.62 gap=  t_best=13.4s wall=60s
[ablwc_singlereg] Rdp203 seed=4: M=3 D=939.58 gap=  t_best=60.0s wall=60s
[ablwc_singlereg] Rdp203 seed=5: M=3 D=941.62 gap=  t_best=15.7s wall=60s
[ablwc_singlereg] Rdp209 seed=1: M=3 D=910.20 gap=  t_best=11.1s wall=60s
[ablwc_singlereg] Rdp209 seed=2: M=3 D=910.55 gap=  t_best=12.9s wall=60s
[ablwc_singlereg] Rdp209 seed=3: M=3 D=909.16 gap=  t_best=25.7s wall=60s
[ablwc_singlereg] Rdp209 seed=4: M=3 D=909.16 gap=  t_best=5.6s wall=60s
[ablwc_singlereg] Rdp209 seed=5: M=3 D=910.20 gap=  t_best=43.3s wall=60s
[ablwc_singlereg] Rdp211 seed=1: M=2 D=898.15 gap=  t_best=19.1s wall=60s
[ablwc_singlereg] Rdp211 seed=2: M=2 D=898.15 gap=  t_best=35.3s wall=60s
[ablwc_singlereg] Rdp211 seed=3: M=2 D=898.15 gap=  t_best=45.9s wall=60s
[ablwc_singlereg] Rdp211 seed=4: M=2 D=900.04 gap=  t_best=57.0s wall=60s
[ablwc_singlereg] Rdp211 seed=5: M=2 D=898.06 gap=  t_best=2.7s wall=60s
[ablwc_singlereg] RCdp107 seed=1: M=11 D=1255.07 gap=  t_best=60.1s wall=60s
[ablwc_singlereg] RCdp107 seed=2: M=11 D=1252.79 gap=  t_best=17.6s wall=60s
[ablwc_singlereg] RCdp107 seed=3: M=11 D=1255.06 gap=  t_best=21.6s wall=60s
[ablwc_singlereg] RCdp107 seed=4: M=11 D=1252.79 gap=  t_best=49.7s wall=60s
[ablwc_singlereg] RCdp107 seed=5: M=11 D=1252.79 gap=  t_best=19.6s wall=60s
[ablwc_singlereg] RCdp208 seed=1: M=3 D=828.71 gap=  t_best=18.6s wall=60s
[ablwc_singlereg] RCdp208 seed=2: M=3 D=828.14 gap=  t_best=41.9s wall=60s
[ablwc_singlereg] RCdp208 seed=3: M=3 D=828.71 gap=  t_best=21.1s wall=60s
[ablwc_singlereg] RCdp208 seed=4: M=3 D=828.88 gap=  t_best=60.4s wall=60s
[ablwc_singlereg] RCdp208 seed=5: M=3 D=828.71 gap=  t_best=36.8s wall=60s
RUN C:\ProgramData\anaconda3\envs\Env_NN_GPU\python.exe C:\Users\Admin\source\repos\vrpspdtw-gpu\scripts\..\scripts\campaign.py --algo copts --seeds 1 2 3 4 5 --time 60.0 --tag ablwc_norestart --params {"stall_epochs": 0, "arc_rule": "safe", "nbr_compat": true, "restart_mode": "full", "rec_mode": "adaptive", "rec_patience": 2} --inst Rdp112 Rdp203 Rdp209 Rdp211 RCdp107 RCdp208
C:\Users\Admin\AppData\Roaming\Python\Python310\site-packages\cupy\_environment.py:286: UserWarning: CUDA path could not be detected. Set CUDA_PATH environment variable if CuPy fails to load.
  warnings.warn(
[ablwc_norestart] Rdp112 seed=1: M=9 D=998.22 gap=  t_best=32.8s wall=60s
[ablwc_norestart] Rdp112 seed=2: M=9 D=999.44 gap=  t_best=18.5s wall=60s
[ablwc_norestart] Rdp112 seed=3: M=9 D=999.44 gap=  t_best=46.8s wall=60s
[ablwc_norestart] Rdp112 seed=4: M=9 D=999.44 gap=  t_best=27.1s wall=60s
[ablwc_norestart] Rdp112 seed=5: M=9 D=999.44 gap=  t_best=40.0s wall=60s
[ablwc_norestart] Rdp203 seed=1: M=3 D=939.88 gap=  t_best=57.6s wall=60s
[ablwc_norestart] Rdp203 seed=2: M=3 D=939.50 gap=  t_best=8.7s wall=60s
[ablwc_norestart] Rdp203 seed=3: M=3 D=941.08 gap=  t_best=6.5s wall=60s
[ablwc_norestart] Rdp203 seed=4: M=3 D=939.50 gap=  t_best=40.6s wall=60s
[ablwc_norestart] Rdp203 seed=5: M=3 D=939.58 gap=  t_best=60.1s wall=60s
[ablwc_norestart] Rdp209 seed=1: M=3 D=909.16 gap=  t_best=23.6s wall=60s
[ablwc_norestart] Rdp209 seed=2: M=3 D=909.16 gap=  t_best=18.2s wall=60s
[ablwc_norestart] Rdp209 seed=3: M=3 D=909.16 gap=  t_best=38.0s wall=60s
[ablwc_norestart] Rdp209 seed=4: M=3 D=909.16 gap=  t_best=41.8s wall=60s
[ablwc_norestart] Rdp209 seed=5: M=3 D=909.16 gap=  t_best=9.1s wall=60s
[ablwc_norestart] Rdp211 seed=1: M=2 D=890.93 gap=  t_best=42.5s wall=60s
[ablwc_norestart] Rdp211 seed=2: M=2 D=899.97 gap=  t_best=60.4s wall=60s
[ablwc_norestart] Rdp211 seed=3: M=2 D=898.15 gap=  t_best=10.6s wall=60s
[ablwc_norestart] Rdp211 seed=4: M=2 D=892.99 gap=  t_best=44.0s wall=60s
[ablwc_norestart] Rdp211 seed=5: M=2 D=893.14 gap=  t_best=16.2s wall=60s
[ablwc_norestart] RCdp107 seed=1: M=11 D=1252.79 gap=  t_best=8.3s wall=60s
[ablwc_norestart] RCdp107 seed=2: M=11 D=1252.79 gap=  t_best=9.5s wall=60s
[ablwc_norestart] RCdp107 seed=3: M=11 D=1255.06 gap=  t_best=7.3s wall=60s
[ablwc_norestart] RCdp107 seed=4: M=11 D=1255.06 gap=  t_best=13.6s wall=60s
[ablwc_norestart] RCdp107 seed=5: M=11 D=1255.06 gap=  t_best=9.4s wall=60s
[ablwc_norestart] RCdp208 seed=1: M=3 D=828.14 gap=  t_best=46.0s wall=60s
[ablwc_norestart] RCdp208 seed=2: M=3 D=828.71 gap=  t_best=20.5s wall=60s
[ablwc_norestart] RCdp208 seed=3: M=3 D=828.14 gap=  t_best=22.9s wall=60s
[ablwc_norestart] RCdp208 seed=4: M=3 D=828.71 gap=  t_best=5.1s wall=60s
[ablwc_norestart] RCdp208 seed=5: M=3 D=828.14 gap=  t_best=10.3s wall=60s
RUN C:\ProgramData\anaconda3\envs\Env_NN_GPU\python.exe C:\Users\Admin\source\repos\vrpspdtw-gpu\scripts\..\scripts\campaign.py --algo copts --seeds 1 2 3 4 5 --time 60.0 --tag ablwc_norec --params {"stall_epochs": 20, "arc_rule": "safe", "nbr_compat": true, "restart_mode": "full", "rec_mode": "none", "rec_patience": 2} --inst Rdp112 Rdp203 Rdp209 Rdp211 RCdp107 RCdp208
C:\Users\Admin\AppData\Roaming\Python\Python310\site-packages\cupy\_environment.py:286: UserWarning: CUDA path could not be detected. Set CUDA_PATH environment variable if CuPy fails to load.
  warnings.warn(
[ablwc_norec] Rdp112 seed=1: M=9 D=998.22 gap=  t_best=32.7s wall=60s
[ablwc_norec] Rdp112 seed=2: M=9 D=999.44 gap=  t_best=18.4s wall=60s
[ablwc_norec] Rdp112 seed=3: M=9 D=999.44 gap=  t_best=46.8s wall=60s
[ablwc_norec] Rdp112 seed=4: M=9 D=999.44 gap=  t_best=27.1s wall=60s
[ablwc_norec] Rdp112 seed=5: M=9 D=999.44 gap=  t_best=40.0s wall=60s
[ablwc_norec] Rdp203 seed=1: M=3 D=939.88 gap=  t_best=57.6s wall=60s
[ablwc_norec] Rdp203 seed=2: M=3 D=939.50 gap=  t_best=8.7s wall=60s
[ablwc_norec] Rdp203 seed=3: M=3 D=939.58 gap=  t_best=53.3s wall=60s
[ablwc_norec] Rdp203 seed=4: M=3 D=939.50 gap=  t_best=40.6s wall=60s
[ablwc_norec] Rdp203 seed=5: M=3 D=939.58 gap=  t_best=60.1s wall=60s
[ablwc_norec] Rdp209 seed=1: M=3 D=909.16 gap=  t_best=23.6s wall=60s
[ablwc_norec] Rdp209 seed=2: M=3 D=909.16 gap=  t_best=18.2s wall=60s
[ablwc_norec] Rdp209 seed=3: M=3 D=909.16 gap=  t_best=38.0s wall=60s
[ablwc_norec] Rdp209 seed=4: M=3 D=909.16 gap=  t_best=41.8s wall=60s
[ablwc_norec] Rdp209 seed=5: M=3 D=909.16 gap=  t_best=9.2s wall=60s
[ablwc_norec] Rdp211 seed=1: M=2 D=890.93 gap=  t_best=42.5s wall=60s
[ablwc_norec] Rdp211 seed=2: M=2 D=899.97 gap=  t_best=60.4s wall=60s
[ablwc_norec] Rdp211 seed=3: M=2 D=898.15 gap=  t_best=10.6s wall=60s
[ablwc_norec] Rdp211 seed=4: M=2 D=892.99 gap=  t_best=44.1s wall=60s
[ablwc_norec] Rdp211 seed=5: M=2 D=893.14 gap=  t_best=16.1s wall=60s
[ablwc_norec] RCdp107 seed=1: M=11 D=1252.79 gap=  t_best=8.3s wall=60s
[ablwc_norec] RCdp107 seed=2: M=11 D=1252.79 gap=  t_best=9.4s wall=60s
[ablwc_norec] RCdp107 seed=3: M=11 D=1255.06 gap=  t_best=7.3s wall=60s
[ablwc_norec] RCdp107 seed=4: M=11 D=1255.06 gap=  t_best=13.7s wall=60s
[ablwc_norec] RCdp107 seed=5: M=11 D=1255.06 gap=  t_best=9.4s wall=60s
[ablwc_norec] RCdp208 seed=1: M=3 D=828.14 gap=  t_best=46.1s wall=60s
[ablwc_norec] RCdp208 seed=2: M=3 D=828.71 gap=  t_best=20.5s wall=60s
[ablwc_norec] RCdp208 seed=3: M=3 D=828.14 gap=  t_best=22.9s wall=60s
[ablwc_norec] RCdp208 seed=4: M=3 D=828.71 gap=  t_best=5.1s wall=60s
[ablwc_norec] RCdp208 seed=5: M=3 D=828.14 gap=  t_best=10.3s wall=60s
RUN C:\ProgramData\anaconda3\envs\Env_NN_GPU\python.exe C:\Users\Admin\source\repos\vrpspdtw-gpu\scripts\..\scripts\campaign.py --algo copts --seeds 1 2 3 4 5 --time 60.0 --tag ablwc_nosafe --params {"stall_epochs": 20, "arc_rule": "mafird", "nbr_compat": false, "restart_mode": "full", "rec_mode": "adaptive", "rec_patience": 2} --inst Rdp112 Rdp203 Rdp209 Rdp211 RCdp107 RCdp208
C:\Users\Admin\AppData\Roaming\Python\Python310\site-packages\cupy\_environment.py:286: UserWarning: CUDA path could not be detected. Set CUDA_PATH environment variable if CuPy fails to load.
  warnings.warn(
[ablwc_nosafe] Rdp112 seed=1: M=9 D=997.26 gap=  t_best=52.6s wall=60s
[ablwc_nosafe] Rdp112 seed=2: M=9 D=999.44 gap=  t_best=18.5s wall=60s
[ablwc_nosafe] Rdp112 seed=3: M=9 D=999.44 gap=  t_best=46.8s wall=60s
[ablwc_nosafe] Rdp112 seed=4: M=9 D=999.44 gap=  t_best=27.1s wall=60s
[ablwc_nosafe] Rdp112 seed=5: M=9 D=999.44 gap=  t_best=40.1s wall=60s
[ablwc_nosafe] Rdp203 seed=1: M=3 D=939.88 gap=  t_best=57.7s wall=60s
[ablwc_nosafe] Rdp203 seed=2: M=3 D=939.50 gap=  t_best=8.7s wall=60s
[ablwc_nosafe] Rdp203 seed=3: M=3 D=939.58 gap=  t_best=53.4s wall=60s
[ablwc_nosafe] Rdp203 seed=4: M=3 D=939.50 gap=  t_best=40.7s wall=60s
[ablwc_nosafe] Rdp203 seed=5: M=3 D=939.58 gap=  t_best=60.1s wall=60s
[ablwc_nosafe] Rdp209 seed=1: M=3 D=909.16 gap=  t_best=23.6s wall=60s
[ablwc_nosafe] Rdp209 seed=2: M=3 D=909.16 gap=  t_best=18.2s wall=60s
[ablwc_nosafe] Rdp209 seed=3: M=3 D=909.16 gap=  t_best=38.0s wall=60s
[ablwc_nosafe] Rdp209 seed=4: M=3 D=909.16 gap=  t_best=41.8s wall=60s
[ablwc_nosafe] Rdp209 seed=5: M=3 D=909.16 gap=  t_best=9.1s wall=60s
[ablwc_nosafe] Rdp211 seed=1: M=2 D=890.93 gap=  t_best=42.4s wall=60s
[ablwc_nosafe] Rdp211 seed=2: M=2 D=899.97 gap=  t_best=60.4s wall=60s
[ablwc_nosafe] Rdp211 seed=3: M=2 D=898.15 gap=  t_best=10.6s wall=60s
[ablwc_nosafe] Rdp211 seed=4: M=2 D=892.99 gap=  t_best=44.2s wall=60s
[ablwc_nosafe] Rdp211 seed=5: M=2 D=893.14 gap=  t_best=16.2s wall=60s
[ablwc_nosafe] RCdp107 seed=1: M=11 D=1255.06 gap=  t_best=11.5s wall=60s
[ablwc_nosafe] RCdp107 seed=2: M=11 D=1252.79 gap=  t_best=20.9s wall=60s
[ablwc_nosafe] RCdp107 seed=3: M=11 D=1252.79 gap=  t_best=15.7s wall=60s
[ablwc_nosafe] RCdp107 seed=4: M=11 D=1252.79 gap=  t_best=49.1s wall=60s
[ablwc_nosafe] RCdp107 seed=5: M=11 D=1255.06 gap=  t_best=35.5s wall=60s
[ablwc_nosafe] RCdp208 seed=1: M=3 D=828.14 gap=  t_best=46.0s wall=60s
[ablwc_nosafe] RCdp208 seed=2: M=3 D=828.71 gap=  t_best=20.5s wall=60s
[ablwc_nosafe] RCdp208 seed=3: M=3 D=828.14 gap=  t_best=22.9s wall=60s
[ablwc_nosafe] RCdp208 seed=4: M=3 D=828.71 gap=  t_best=5.1s wall=60s
[ablwc_nosafe] RCdp208 seed=5: M=3 D=828.14 gap=  t_best=10.3s wall=60s
